
Discarded input sections

 .data          0x0000000000000000        0x0 /home/rako/Data/SourceCode/CrossCompiler_Utils/gcc-linaro-5.4.1-2017.01-x86_64_arm-linux/Compiler/gcc-linaro-5.4.1-2017.01-x86_64_arm-linux-gnueabihf/bin/../arm-linux-gnueabihf/libc/usr/lib/crti.o
 .bss           0x0000000000000000        0x0 /home/rako/Data/SourceCode/CrossCompiler_Utils/gcc-linaro-5.4.1-2017.01-x86_64_arm-linux/Compiler/gcc-linaro-5.4.1-2017.01-x86_64_arm-linux-gnueabihf/bin/../arm-linux-gnueabihf/libc/usr/lib/crti.o
 .note.GNU-stack
                0x0000000000000000        0x0 /home/rako/Data/SourceCode/CrossCompiler_Utils/gcc-linaro-5.4.1-2017.01-x86_64_arm-linux/Compiler/gcc-linaro-5.4.1-2017.01-x86_64_arm-linux-gnueabihf/bin/../arm-linux-gnueabihf/libc/usr/lib/crti.o
 .data          0x0000000000000000        0x0 /home/rako/Data/SourceCode/CrossCompiler_Utils/gcc-linaro-5.4.1-2017.01-x86_64_arm-linux/Compiler/gcc-linaro-5.4.1-2017.01-x86_64_arm-linux-gnueabihf/bin/../lib/gcc/arm-linux-gnueabihf/5.4.1/crtbeginS.o
 .note.GNU-stack
                0x0000000000000000        0x0 /home/rako/Data/SourceCode/CrossCompiler_Utils/gcc-linaro-5.4.1-2017.01-x86_64_arm-linux/Compiler/gcc-linaro-5.4.1-2017.01-x86_64_arm-linux-gnueabihf/bin/../lib/gcc/arm-linux-gnueabihf/5.4.1/crtbeginS.o
 .group         0x0000000000000000        0x8 ./src/sml_attention_response.o
 .group         0x0000000000000000        0x8 ./src/sml_attention_response.o
 .group         0x0000000000000000        0x8 ./src/sml_attention_response.o
 .group         0x0000000000000000        0x8 ./src/sml_attention_response.o
 .group         0x0000000000000000        0x8 ./src/sml_attention_response.o
 .group         0x0000000000000000        0x8 ./src/sml_attention_response.o
 .group         0x0000000000000000        0x8 ./src/sml_attention_response.o
 .group         0x0000000000000000        0x8 ./src/sml_attention_response.o
 .group         0x0000000000000000        0x8 ./src/sml_attention_response.o
 .group         0x0000000000000000        0x8 ./src/sml_attention_response.o
 .group         0x0000000000000000        0x8 ./src/sml_attention_response.o
 .group         0x0000000000000000        0x8 ./src/sml_attention_response.o
 .group         0x0000000000000000        0x8 ./src/sml_attention_response.o
 .group         0x0000000000000000        0x8 ./src/sml_attention_response.o
 .group         0x0000000000000000        0x8 ./src/sml_attention_response.o
 .group         0x0000000000000000        0x8 ./src/sml_attention_response.o
 .group         0x0000000000000000        0x8 ./src/sml_attention_response.o
 .group         0x0000000000000000        0x8 ./src/sml_attention_response.o
 .group         0x0000000000000000        0x8 ./src/sml_attention_response.o
 .group         0x0000000000000000        0x8 ./src/sml_attention_response.o
 .group         0x0000000000000000        0x8 ./src/sml_attention_response.o
 .group         0x0000000000000000        0x8 ./src/sml_attention_response.o
 .group         0x0000000000000000        0x8 ./src/sml_attention_response.o
 .group         0x0000000000000000        0x8 ./src/sml_attention_response.o
 .group         0x0000000000000000        0x8 ./src/sml_attention_response.o
 .group         0x0000000000000000        0x8 ./src/sml_attention_response.o
 .group         0x0000000000000000        0x8 ./src/sml_attention_response.o
 .group         0x0000000000000000        0x8 ./src/sml_attention_response.o
 .group         0x0000000000000000        0x8 ./src/sml_attention_response.o
 .group         0x0000000000000000        0x8 ./src/sml_attention_response.o
 .group         0x0000000000000000        0x8 ./src/sml_attention_response.o
 .group         0x0000000000000000        0x8 ./src/sml_attention_response.o
 .group         0x0000000000000000        0x8 ./src/sml_attention_response.o
 .group         0x0000000000000000        0x8 ./src/sml_attention_response.o
 .group         0x0000000000000000        0x8 ./src/sml_attention_response.o
 .group         0x0000000000000000        0x8 ./src/sml_attention_response.o
 .group         0x0000000000000000        0x8 ./src/sml_attention_response.o
 .group         0x0000000000000000        0x8 ./src/sml_attention_response.o
 .group         0x0000000000000000        0x8 ./src/sml_attention_response.o
 .group         0x0000000000000000        0x8 ./src/sml_attention_response.o
 .group         0x0000000000000000        0x8 ./src/sml_attention_response.o
 .group         0x0000000000000000        0x8 ./src/sml_attention_response.o
 .group         0x0000000000000000        0x8 ./src/sml_attention_response.o
 .group         0x0000000000000000        0x8 ./src/sml_attention_response.o
 .text          0x0000000000000000        0x0 ./src/sml_attention_response.o
 .data          0x0000000000000000        0x0 ./src/sml_attention_response.o
 .bss           0x0000000000000000        0x0 ./src/sml_attention_response.o
 .note.GNU-stack
                0x0000000000000000        0x0 ./src/sml_attention_response.o
 .group         0x0000000000000000        0x8 ./src/sml_boolean.o
 .group         0x0000000000000000        0x8 ./src/sml_boolean.o
 .group         0x0000000000000000        0x8 ./src/sml_boolean.o
 .group         0x0000000000000000        0x8 ./src/sml_boolean.o
 .group         0x0000000000000000        0x8 ./src/sml_boolean.o
 .group         0x0000000000000000        0x8 ./src/sml_boolean.o
 .group         0x0000000000000000        0x8 ./src/sml_boolean.o
 .group         0x0000000000000000        0x8 ./src/sml_boolean.o
 .group         0x0000000000000000        0x8 ./src/sml_boolean.o
 .group         0x0000000000000000        0x8 ./src/sml_boolean.o
 .group         0x0000000000000000        0x8 ./src/sml_boolean.o
 .group         0x0000000000000000        0x8 ./src/sml_boolean.o
 .group         0x0000000000000000        0x8 ./src/sml_boolean.o
 .group         0x0000000000000000        0x8 ./src/sml_boolean.o
 .group         0x0000000000000000        0x8 ./src/sml_boolean.o
 .group         0x0000000000000000        0x8 ./src/sml_boolean.o
 .group         0x0000000000000000        0x8 ./src/sml_boolean.o
 .group         0x0000000000000000        0x8 ./src/sml_boolean.o
 .group         0x0000000000000000        0x8 ./src/sml_boolean.o
 .group         0x0000000000000000        0x8 ./src/sml_boolean.o
 .group         0x0000000000000000        0x8 ./src/sml_boolean.o
 .group         0x0000000000000000        0x8 ./src/sml_boolean.o
 .group         0x0000000000000000        0x8 ./src/sml_boolean.o
 .group         0x0000000000000000        0x8 ./src/sml_boolean.o
 .group         0x0000000000000000        0x8 ./src/sml_boolean.o
 .group         0x0000000000000000        0x8 ./src/sml_boolean.o
 .group         0x0000000000000000        0x8 ./src/sml_boolean.o
 .group         0x0000000000000000        0x8 ./src/sml_boolean.o
 .group         0x0000000000000000        0x8 ./src/sml_boolean.o
 .group         0x0000000000000000        0x8 ./src/sml_boolean.o
 .group         0x0000000000000000        0x8 ./src/sml_boolean.o
 .group         0x0000000000000000        0x8 ./src/sml_boolean.o
 .group         0x0000000000000000        0x8 ./src/sml_boolean.o
 .group         0x0000000000000000        0x8 ./src/sml_boolean.o
 .group         0x0000000000000000        0x8 ./src/sml_boolean.o
 .group         0x0000000000000000        0x8 ./src/sml_boolean.o
 .group         0x0000000000000000        0x8 ./src/sml_boolean.o
 .group         0x0000000000000000        0x8 ./src/sml_boolean.o
 .group         0x0000000000000000        0x8 ./src/sml_boolean.o
 .group         0x0000000000000000        0x8 ./src/sml_boolean.o
 .group         0x0000000000000000        0x8 ./src/sml_boolean.o
 .group         0x0000000000000000        0x8 ./src/sml_boolean.o
 .group         0x0000000000000000        0x8 ./src/sml_boolean.o
 .group         0x0000000000000000        0x8 ./src/sml_boolean.o
 .group         0x0000000000000000        0x8 ./src/sml_boolean.o
 .group         0x0000000000000000        0x8 ./src/sml_boolean.o
 .group         0x0000000000000000        0x8 ./src/sml_boolean.o
 .group         0x0000000000000000        0x8 ./src/sml_boolean.o
 .group         0x0000000000000000        0x8 ./src/sml_boolean.o
 .group         0x0000000000000000        0x8 ./src/sml_boolean.o
 .text          0x0000000000000000        0x0 ./src/sml_boolean.o
 .data          0x0000000000000000        0x0 ./src/sml_boolean.o
 .bss           0x0000000000000000        0x0 ./src/sml_boolean.o
 .debug_macro   0x0000000000000000      0x8c2 ./src/sml_boolean.o
 .debug_macro   0x0000000000000000       0x22 ./src/sml_boolean.o
 .debug_macro   0x0000000000000000       0x16 ./src/sml_boolean.o
 .debug_macro   0x0000000000000000      0x179 ./src/sml_boolean.o
 .debug_macro   0x0000000000000000      0x16f ./src/sml_boolean.o
 .debug_macro   0x0000000000000000       0x35 ./src/sml_boolean.o
 .debug_macro   0x0000000000000000       0x70 ./src/sml_boolean.o
 .debug_macro   0x0000000000000000       0x16 ./src/sml_boolean.o
 .debug_macro   0x0000000000000000      0x1cf ./src/sml_boolean.o
 .debug_macro   0x0000000000000000       0x16 ./src/sml_boolean.o
 .debug_macro   0x0000000000000000      0x10e ./src/sml_boolean.o
 .debug_macro   0x0000000000000000       0x3a ./src/sml_boolean.o
 .debug_macro   0x0000000000000000       0x4c ./src/sml_boolean.o
 .debug_macro   0x0000000000000000       0x1c ./src/sml_boolean.o
 .debug_macro   0x0000000000000000       0x28 ./src/sml_boolean.o
 .debug_macro   0x0000000000000000       0x5e ./src/sml_boolean.o
 .debug_macro   0x0000000000000000       0xd6 ./src/sml_boolean.o
 .debug_macro   0x0000000000000000       0x10 ./src/sml_boolean.o
 .debug_macro   0x0000000000000000       0x4c ./src/sml_boolean.o
 .debug_macro   0x0000000000000000       0x22 ./src/sml_boolean.o
 .debug_macro   0x0000000000000000       0x62 ./src/sml_boolean.o
 .debug_macro   0x0000000000000000       0x73 ./src/sml_boolean.o
 .debug_macro   0x0000000000000000       0x3a ./src/sml_boolean.o
 .debug_macro   0x0000000000000000       0x12 ./src/sml_boolean.o
 .debug_macro   0x0000000000000000       0x19 ./src/sml_boolean.o
 .debug_macro   0x0000000000000000       0x1c ./src/sml_boolean.o
 .debug_macro   0x0000000000000000       0x10 ./src/sml_boolean.o
 .debug_macro   0x0000000000000000       0x16 ./src/sml_boolean.o
 .debug_macro   0x0000000000000000       0x28 ./src/sml_boolean.o
 .debug_macro   0x0000000000000000       0x10 ./src/sml_boolean.o
 .debug_macro   0x0000000000000000       0x4c ./src/sml_boolean.o
 .debug_macro   0x0000000000000000       0x1c ./src/sml_boolean.o
 .debug_macro   0x0000000000000000       0x20 ./src/sml_boolean.o
 .debug_macro   0x0000000000000000       0x59 ./src/sml_boolean.o
 .debug_macro   0x0000000000000000       0x10 ./src/sml_boolean.o
 .debug_macro   0x0000000000000000       0x10 ./src/sml_boolean.o
 .debug_macro   0x0000000000000000       0x16 ./src/sml_boolean.o
 .debug_macro   0x0000000000000000       0x20 ./src/sml_boolean.o
 .debug_macro   0x0000000000000000       0x58 ./src/sml_boolean.o
 .note.GNU-stack
                0x0000000000000000        0x0 ./src/sml_boolean.o
 .group         0x0000000000000000        0x8 ./src/sml_close_request.o
 .group         0x0000000000000000        0x8 ./src/sml_close_request.o
 .group         0x0000000000000000        0x8 ./src/sml_close_request.o
 .group         0x0000000000000000        0x8 ./src/sml_close_request.o
 .group         0x0000000000000000        0x8 ./src/sml_close_request.o
 .group         0x0000000000000000        0x8 ./src/sml_close_request.o
 .group         0x0000000000000000        0x8 ./src/sml_close_request.o
 .group         0x0000000000000000        0x8 ./src/sml_close_request.o
 .group         0x0000000000000000        0x8 ./src/sml_close_request.o
 .group         0x0000000000000000        0x8 ./src/sml_close_request.o
 .group         0x0000000000000000        0x8 ./src/sml_close_request.o
 .group         0x0000000000000000        0x8 ./src/sml_close_request.o
 .group         0x0000000000000000        0x8 ./src/sml_close_request.o
 .group         0x0000000000000000        0x8 ./src/sml_close_request.o
 .group         0x0000000000000000        0x8 ./src/sml_close_request.o
 .group         0x0000000000000000        0x8 ./src/sml_close_request.o
 .group         0x0000000000000000        0x8 ./src/sml_close_request.o
 .group         0x0000000000000000        0x8 ./src/sml_close_request.o
 .group         0x0000000000000000        0x8 ./src/sml_close_request.o
 .group         0x0000000000000000        0x8 ./src/sml_close_request.o
 .group         0x0000000000000000        0x8 ./src/sml_close_request.o
 .group         0x0000000000000000        0x8 ./src/sml_close_request.o
 .group         0x0000000000000000        0x8 ./src/sml_close_request.o
 .group         0x0000000000000000        0x8 ./src/sml_close_request.o
 .group         0x0000000000000000        0x8 ./src/sml_close_request.o
 .group         0x0000000000000000        0x8 ./src/sml_close_request.o
 .group         0x0000000000000000        0x8 ./src/sml_close_request.o
 .group         0x0000000000000000        0x8 ./src/sml_close_request.o
 .group         0x0000000000000000        0x8 ./src/sml_close_request.o
 .group         0x0000000000000000        0x8 ./src/sml_close_request.o
 .group         0x0000000000000000        0x8 ./src/sml_close_request.o
 .group         0x0000000000000000        0x8 ./src/sml_close_request.o
 .group         0x0000000000000000        0x8 ./src/sml_close_request.o
 .group         0x0000000000000000        0x8 ./src/sml_close_request.o
 .group         0x0000000000000000        0x8 ./src/sml_close_request.o
 .group         0x0000000000000000        0x8 ./src/sml_close_request.o
 .group         0x0000000000000000        0x8 ./src/sml_close_request.o
 .group         0x0000000000000000        0x8 ./src/sml_close_request.o
 .group         0x0000000000000000        0x8 ./src/sml_close_request.o
 .group         0x0000000000000000        0x8 ./src/sml_close_request.o
 .group         0x0000000000000000        0x8 ./src/sml_close_request.o
 .group         0x0000000000000000        0x8 ./src/sml_close_request.o
 .group         0x0000000000000000        0x8 ./src/sml_close_request.o
 .group         0x0000000000000000        0x8 ./src/sml_close_request.o
 .group         0x0000000000000000        0x8 ./src/sml_close_request.o
 .group         0x0000000000000000        0x8 ./src/sml_close_request.o
 .group         0x0000000000000000        0x8 ./src/sml_close_request.o
 .group         0x0000000000000000        0x8 ./src/sml_close_request.o
 .group         0x0000000000000000        0x8 ./src/sml_close_request.o
 .group         0x0000000000000000        0x8 ./src/sml_close_request.o
 .text          0x0000000000000000        0x0 ./src/sml_close_request.o
 .data          0x0000000000000000        0x0 ./src/sml_close_request.o
 .bss           0x0000000000000000        0x0 ./src/sml_close_request.o
 .debug_macro   0x0000000000000000      0x8c2 ./src/sml_close_request.o
 .debug_macro   0x0000000000000000       0x22 ./src/sml_close_request.o
 .debug_macro   0x0000000000000000      0x179 ./src/sml_close_request.o
 .debug_macro   0x0000000000000000      0x16f ./src/sml_close_request.o
 .debug_macro   0x0000000000000000       0x35 ./src/sml_close_request.o
 .debug_macro   0x0000000000000000       0x70 ./src/sml_close_request.o
 .debug_macro   0x0000000000000000       0x16 ./src/sml_close_request.o
 .debug_macro   0x0000000000000000      0x1cf ./src/sml_close_request.o
 .debug_macro   0x0000000000000000       0x16 ./src/sml_close_request.o
 .debug_macro   0x0000000000000000      0x10e ./src/sml_close_request.o
 .debug_macro   0x0000000000000000       0x3a ./src/sml_close_request.o
 .debug_macro   0x0000000000000000       0x4c ./src/sml_close_request.o
 .debug_macro   0x0000000000000000       0x1c ./src/sml_close_request.o
 .debug_macro   0x0000000000000000       0x28 ./src/sml_close_request.o
 .debug_macro   0x0000000000000000       0x5e ./src/sml_close_request.o
 .debug_macro   0x0000000000000000       0xd6 ./src/sml_close_request.o
 .debug_macro   0x0000000000000000       0x10 ./src/sml_close_request.o
 .debug_macro   0x0000000000000000       0x4c ./src/sml_close_request.o
 .debug_macro   0x0000000000000000       0x22 ./src/sml_close_request.o
 .debug_macro   0x0000000000000000       0x62 ./src/sml_close_request.o
 .debug_macro   0x0000000000000000       0x73 ./src/sml_close_request.o
 .debug_macro   0x0000000000000000       0x3a ./src/sml_close_request.o
 .debug_macro   0x0000000000000000       0x12 ./src/sml_close_request.o
 .debug_macro   0x0000000000000000       0x19 ./src/sml_close_request.o
 .debug_macro   0x0000000000000000       0x1c ./src/sml_close_request.o
 .debug_macro   0x0000000000000000       0x10 ./src/sml_close_request.o
 .debug_macro   0x0000000000000000       0x16 ./src/sml_close_request.o
 .debug_macro   0x0000000000000000       0x28 ./src/sml_close_request.o
 .debug_macro   0x0000000000000000       0x10 ./src/sml_close_request.o
 .debug_macro   0x0000000000000000       0x4c ./src/sml_close_request.o
 .debug_macro   0x0000000000000000       0x1c ./src/sml_close_request.o
 .debug_macro   0x0000000000000000       0x20 ./src/sml_close_request.o
 .debug_macro   0x0000000000000000       0x59 ./src/sml_close_request.o
 .debug_macro   0x0000000000000000       0x10 ./src/sml_close_request.o
 .debug_macro   0x0000000000000000       0x10 ./src/sml_close_request.o
 .debug_macro   0x0000000000000000       0x16 ./src/sml_close_request.o
 .debug_macro   0x0000000000000000       0x20 ./src/sml_close_request.o
 .debug_macro   0x0000000000000000       0x58 ./src/sml_close_request.o
 .debug_macro   0x0000000000000000       0x16 ./src/sml_close_request.o
 .debug_macro   0x0000000000000000       0x16 ./src/sml_close_request.o
 .debug_macro   0x0000000000000000       0x2e ./src/sml_close_request.o
 .debug_macro   0x0000000000000000       0x16 ./src/sml_close_request.o
 .debug_macro   0x0000000000000000       0x1e ./src/sml_close_request.o
 .debug_macro   0x0000000000000000       0x28 ./src/sml_close_request.o
 .debug_macro   0x0000000000000000       0x58 ./src/sml_close_request.o
 .debug_macro   0x0000000000000000       0x10 ./src/sml_close_request.o
 .debug_macro   0x0000000000000000      0x1c2 ./src/sml_close_request.o
 .debug_macro   0x0000000000000000       0x3e ./src/sml_close_request.o
 .debug_macro   0x0000000000000000       0x28 ./src/sml_close_request.o
 .debug_macro   0x0000000000000000       0x27 ./src/sml_close_request.o
 .note.GNU-stack
                0x0000000000000000        0x0 ./src/sml_close_request.o
 .group         0x0000000000000000        0x8 ./src/sml_close_response.o
 .group         0x0000000000000000        0x8 ./src/sml_close_response.o
 .group         0x0000000000000000        0x8 ./src/sml_close_response.o
 .group         0x0000000000000000        0x8 ./src/sml_close_response.o
 .group         0x0000000000000000        0x8 ./src/sml_close_response.o
 .group         0x0000000000000000        0x8 ./src/sml_close_response.o
 .group         0x0000000000000000        0x8 ./src/sml_close_response.o
 .group         0x0000000000000000        0x8 ./src/sml_close_response.o
 .group         0x0000000000000000        0x8 ./src/sml_close_response.o
 .group         0x0000000000000000        0x8 ./src/sml_close_response.o
 .group         0x0000000000000000        0x8 ./src/sml_close_response.o
 .group         0x0000000000000000        0x8 ./src/sml_close_response.o
 .group         0x0000000000000000        0x8 ./src/sml_close_response.o
 .group         0x0000000000000000        0x8 ./src/sml_close_response.o
 .group         0x0000000000000000        0x8 ./src/sml_close_response.o
 .group         0x0000000000000000        0x8 ./src/sml_close_response.o
 .group         0x0000000000000000        0x8 ./src/sml_close_response.o
 .group         0x0000000000000000        0x8 ./src/sml_close_response.o
 .group         0x0000000000000000        0x8 ./src/sml_close_response.o
 .group         0x0000000000000000        0x8 ./src/sml_close_response.o
 .group         0x0000000000000000        0x8 ./src/sml_close_response.o
 .group         0x0000000000000000        0x8 ./src/sml_close_response.o
 .group         0x0000000000000000        0x8 ./src/sml_close_response.o
 .group         0x0000000000000000        0x8 ./src/sml_close_response.o
 .group         0x0000000000000000        0x8 ./src/sml_close_response.o
 .group         0x0000000000000000        0x8 ./src/sml_close_response.o
 .group         0x0000000000000000        0x8 ./src/sml_close_response.o
 .group         0x0000000000000000        0x8 ./src/sml_close_response.o
 .group         0x0000000000000000        0x8 ./src/sml_close_response.o
 .group         0x0000000000000000        0x8 ./src/sml_close_response.o
 .group         0x0000000000000000        0x8 ./src/sml_close_response.o
 .group         0x0000000000000000        0x8 ./src/sml_close_response.o
 .group         0x0000000000000000        0x8 ./src/sml_close_response.o
 .group         0x0000000000000000        0x8 ./src/sml_close_response.o
 .group         0x0000000000000000        0x8 ./src/sml_close_response.o
 .group         0x0000000000000000        0x8 ./src/sml_close_response.o
 .group         0x0000000000000000        0x8 ./src/sml_close_response.o
 .group         0x0000000000000000        0x8 ./src/sml_close_response.o
 .group         0x0000000000000000        0x8 ./src/sml_close_response.o
 .group         0x0000000000000000        0x8 ./src/sml_close_response.o
 .group         0x0000000000000000        0x8 ./src/sml_close_response.o
 .group         0x0000000000000000        0x8 ./src/sml_close_response.o
 .group         0x0000000000000000        0x8 ./src/sml_close_response.o
 .group         0x0000000000000000        0x8 ./src/sml_close_response.o
 .group         0x0000000000000000        0x8 ./src/sml_close_response.o
 .group         0x0000000000000000        0x8 ./src/sml_close_response.o
 .group         0x0000000000000000        0x8 ./src/sml_close_response.o
 .group         0x0000000000000000        0x8 ./src/sml_close_response.o
 .group         0x0000000000000000        0x8 ./src/sml_close_response.o
 .group         0x0000000000000000        0x8 ./src/sml_close_response.o
 .text          0x0000000000000000        0x0 ./src/sml_close_response.o
 .data          0x0000000000000000        0x0 ./src/sml_close_response.o
 .bss           0x0000000000000000        0x0 ./src/sml_close_response.o
 .debug_macro   0x0000000000000000      0x8c2 ./src/sml_close_response.o
 .debug_macro   0x0000000000000000       0x22 ./src/sml_close_response.o
 .debug_macro   0x0000000000000000      0x179 ./src/sml_close_response.o
 .debug_macro   0x0000000000000000      0x16f ./src/sml_close_response.o
 .debug_macro   0x0000000000000000       0x35 ./src/sml_close_response.o
 .debug_macro   0x0000000000000000       0x70 ./src/sml_close_response.o
 .debug_macro   0x0000000000000000       0x16 ./src/sml_close_response.o
 .debug_macro   0x0000000000000000      0x1cf ./src/sml_close_response.o
 .debug_macro   0x0000000000000000       0x16 ./src/sml_close_response.o
 .debug_macro   0x0000000000000000      0x10e ./src/sml_close_response.o
 .debug_macro   0x0000000000000000       0x3a ./src/sml_close_response.o
 .debug_macro   0x0000000000000000       0x4c ./src/sml_close_response.o
 .debug_macro   0x0000000000000000       0x1c ./src/sml_close_response.o
 .debug_macro   0x0000000000000000       0x28 ./src/sml_close_response.o
 .debug_macro   0x0000000000000000       0x5e ./src/sml_close_response.o
 .debug_macro   0x0000000000000000       0xd6 ./src/sml_close_response.o
 .debug_macro   0x0000000000000000       0x10 ./src/sml_close_response.o
 .debug_macro   0x0000000000000000       0x4c ./src/sml_close_response.o
 .debug_macro   0x0000000000000000       0x22 ./src/sml_close_response.o
 .debug_macro   0x0000000000000000       0x62 ./src/sml_close_response.o
 .debug_macro   0x0000000000000000       0x73 ./src/sml_close_response.o
 .debug_macro   0x0000000000000000       0x3a ./src/sml_close_response.o
 .debug_macro   0x0000000000000000       0x12 ./src/sml_close_response.o
 .debug_macro   0x0000000000000000       0x19 ./src/sml_close_response.o
 .debug_macro   0x0000000000000000       0x1c ./src/sml_close_response.o
 .debug_macro   0x0000000000000000       0x10 ./src/sml_close_response.o
 .debug_macro   0x0000000000000000       0x16 ./src/sml_close_response.o
 .debug_macro   0x0000000000000000       0x28 ./src/sml_close_response.o
 .debug_macro   0x0000000000000000       0x10 ./src/sml_close_response.o
 .debug_macro   0x0000000000000000       0x4c ./src/sml_close_response.o
 .debug_macro   0x0000000000000000       0x1c ./src/sml_close_response.o
 .debug_macro   0x0000000000000000       0x20 ./src/sml_close_response.o
 .debug_macro   0x0000000000000000       0x59 ./src/sml_close_response.o
 .debug_macro   0x0000000000000000       0x10 ./src/sml_close_response.o
 .debug_macro   0x0000000000000000       0x10 ./src/sml_close_response.o
 .debug_macro   0x0000000000000000       0x16 ./src/sml_close_response.o
 .debug_macro   0x0000000000000000       0x20 ./src/sml_close_response.o
 .debug_macro   0x0000000000000000       0x58 ./src/sml_close_response.o
 .debug_macro   0x0000000000000000       0x16 ./src/sml_close_response.o
 .debug_macro   0x0000000000000000       0x16 ./src/sml_close_response.o
 .debug_macro   0x0000000000000000       0x2e ./src/sml_close_response.o
 .debug_macro   0x0000000000000000       0x16 ./src/sml_close_response.o
 .debug_macro   0x0000000000000000       0x1e ./src/sml_close_response.o
 .debug_macro   0x0000000000000000       0x28 ./src/sml_close_response.o
 .debug_macro   0x0000000000000000       0x58 ./src/sml_close_response.o
 .debug_macro   0x0000000000000000       0x10 ./src/sml_close_response.o
 .debug_macro   0x0000000000000000      0x1c2 ./src/sml_close_response.o
 .debug_macro   0x0000000000000000       0x3e ./src/sml_close_response.o
 .debug_macro   0x0000000000000000       0x28 ./src/sml_close_response.o
 .debug_macro   0x0000000000000000       0x27 ./src/sml_close_response.o
 .note.GNU-stack
                0x0000000000000000        0x0 ./src/sml_close_response.o
 .group         0x0000000000000000        0x8 ./src/sml_crc16.o
 .group         0x0000000000000000        0x8 ./src/sml_crc16.o
 .group         0x0000000000000000        0x8 ./src/sml_crc16.o
 .group         0x0000000000000000        0x8 ./src/sml_crc16.o
 .group         0x0000000000000000        0x8 ./src/sml_crc16.o
 .group         0x0000000000000000        0x8 ./src/sml_crc16.o
 .group         0x0000000000000000        0x8 ./src/sml_crc16.o
 .group         0x0000000000000000        0x8 ./src/sml_crc16.o
 .group         0x0000000000000000        0x8 ./src/sml_crc16.o
 .group         0x0000000000000000        0x8 ./src/sml_crc16.o
 .group         0x0000000000000000        0x8 ./src/sml_crc16.o
 .group         0x0000000000000000        0x8 ./src/sml_crc16.o
 .group         0x0000000000000000        0x8 ./src/sml_crc16.o
 .group         0x0000000000000000        0x8 ./src/sml_crc16.o
 .group         0x0000000000000000        0x8 ./src/sml_crc16.o
 .group         0x0000000000000000        0x8 ./src/sml_crc16.o
 .group         0x0000000000000000        0x8 ./src/sml_crc16.o
 .group         0x0000000000000000        0x8 ./src/sml_crc16.o
 .group         0x0000000000000000        0x8 ./src/sml_crc16.o
 .group         0x0000000000000000        0x8 ./src/sml_crc16.o
 .group         0x0000000000000000        0x8 ./src/sml_crc16.o
 .group         0x0000000000000000        0x8 ./src/sml_crc16.o
 .group         0x0000000000000000        0x8 ./src/sml_crc16.o
 .group         0x0000000000000000        0x8 ./src/sml_crc16.o
 .group         0x0000000000000000        0x8 ./src/sml_crc16.o
 .group         0x0000000000000000        0x8 ./src/sml_crc16.o
 .group         0x0000000000000000        0x8 ./src/sml_crc16.o
 .group         0x0000000000000000        0x8 ./src/sml_crc16.o
 .group         0x0000000000000000        0x8 ./src/sml_crc16.o
 .group         0x0000000000000000        0x8 ./src/sml_crc16.o
 .group         0x0000000000000000        0x8 ./src/sml_crc16.o
 .group         0x0000000000000000        0x8 ./src/sml_crc16.o
 .group         0x0000000000000000        0x8 ./src/sml_crc16.o
 .group         0x0000000000000000        0x8 ./src/sml_crc16.o
 .group         0x0000000000000000        0x8 ./src/sml_crc16.o
 .group         0x0000000000000000        0x8 ./src/sml_crc16.o
 .group         0x0000000000000000        0x8 ./src/sml_crc16.o
 .group         0x0000000000000000        0x8 ./src/sml_crc16.o
 .text          0x0000000000000000        0x0 ./src/sml_crc16.o
 .data          0x0000000000000000        0x0 ./src/sml_crc16.o
 .bss           0x0000000000000000        0x0 ./src/sml_crc16.o
 .debug_macro   0x0000000000000000      0x8c2 ./src/sml_crc16.o
 .debug_macro   0x0000000000000000       0x22 ./src/sml_crc16.o
 .debug_macro   0x0000000000000000      0x179 ./src/sml_crc16.o
 .debug_macro   0x0000000000000000      0x16f ./src/sml_crc16.o
 .debug_macro   0x0000000000000000       0x35 ./src/sml_crc16.o
 .debug_macro   0x0000000000000000       0x70 ./src/sml_crc16.o
 .debug_macro   0x0000000000000000       0x16 ./src/sml_crc16.o
 .debug_macro   0x0000000000000000      0x1cf ./src/sml_crc16.o
 .debug_macro   0x0000000000000000       0x16 ./src/sml_crc16.o
 .debug_macro   0x0000000000000000      0x10e ./src/sml_crc16.o
 .debug_macro   0x0000000000000000       0x3a ./src/sml_crc16.o
 .debug_macro   0x0000000000000000       0x4c ./src/sml_crc16.o
 .debug_macro   0x0000000000000000       0x1c ./src/sml_crc16.o
 .debug_macro   0x0000000000000000       0x28 ./src/sml_crc16.o
 .debug_macro   0x0000000000000000       0x5e ./src/sml_crc16.o
 .debug_macro   0x0000000000000000       0xd6 ./src/sml_crc16.o
 .debug_macro   0x0000000000000000       0x10 ./src/sml_crc16.o
 .debug_macro   0x0000000000000000       0x4c ./src/sml_crc16.o
 .debug_macro   0x0000000000000000       0x22 ./src/sml_crc16.o
 .debug_macro   0x0000000000000000       0x62 ./src/sml_crc16.o
 .debug_macro   0x0000000000000000       0x73 ./src/sml_crc16.o
 .debug_macro   0x0000000000000000       0x3a ./src/sml_crc16.o
 .debug_macro   0x0000000000000000       0x12 ./src/sml_crc16.o
 .debug_macro   0x0000000000000000       0x19 ./src/sml_crc16.o
 .debug_macro   0x0000000000000000       0x1c ./src/sml_crc16.o
 .debug_macro   0x0000000000000000       0x10 ./src/sml_crc16.o
 .debug_macro   0x0000000000000000       0x16 ./src/sml_crc16.o
 .debug_macro   0x0000000000000000       0x28 ./src/sml_crc16.o
 .debug_macro   0x0000000000000000       0x10 ./src/sml_crc16.o
 .debug_macro   0x0000000000000000       0x4c ./src/sml_crc16.o
 .debug_macro   0x0000000000000000       0x1c ./src/sml_crc16.o
 .debug_macro   0x0000000000000000       0x20 ./src/sml_crc16.o
 .debug_macro   0x0000000000000000       0x59 ./src/sml_crc16.o
 .debug_macro   0x0000000000000000       0x10 ./src/sml_crc16.o
 .debug_macro   0x0000000000000000       0x10 ./src/sml_crc16.o
 .debug_macro   0x0000000000000000       0x16 ./src/sml_crc16.o
 .debug_macro   0x0000000000000000       0x20 ./src/sml_crc16.o
 .debug_macro   0x0000000000000000       0x58 ./src/sml_crc16.o
 .note.GNU-stack
                0x0000000000000000        0x0 ./src/sml_crc16.o
 .group         0x0000000000000000        0x8 ./src/sml_file.o
 .group         0x0000000000000000        0x8 ./src/sml_file.o
 .group         0x0000000000000000        0x8 ./src/sml_file.o
 .group         0x0000000000000000        0x8 ./src/sml_file.o
 .group         0x0000000000000000        0x8 ./src/sml_file.o
 .group         0x0000000000000000        0x8 ./src/sml_file.o
 .group         0x0000000000000000        0x8 ./src/sml_file.o
 .group         0x0000000000000000        0x8 ./src/sml_file.o
 .group         0x0000000000000000        0x8 ./src/sml_file.o
 .group         0x0000000000000000        0x8 ./src/sml_file.o
 .group         0x0000000000000000        0x8 ./src/sml_file.o
 .group         0x0000000000000000        0x8 ./src/sml_file.o
 .group         0x0000000000000000        0x8 ./src/sml_file.o
 .group         0x0000000000000000        0x8 ./src/sml_file.o
 .group         0x0000000000000000        0x8 ./src/sml_file.o
 .group         0x0000000000000000        0x8 ./src/sml_file.o
 .group         0x0000000000000000        0x8 ./src/sml_file.o
 .group         0x0000000000000000        0x8 ./src/sml_file.o
 .group         0x0000000000000000        0x8 ./src/sml_file.o
 .group         0x0000000000000000        0x8 ./src/sml_file.o
 .group         0x0000000000000000        0x8 ./src/sml_file.o
 .group         0x0000000000000000        0x8 ./src/sml_file.o
 .group         0x0000000000000000        0x8 ./src/sml_file.o
 .group         0x0000000000000000        0x8 ./src/sml_file.o
 .group         0x0000000000000000        0x8 ./src/sml_file.o
 .group         0x0000000000000000        0x8 ./src/sml_file.o
 .group         0x0000000000000000        0x8 ./src/sml_file.o
 .group         0x0000000000000000        0x8 ./src/sml_file.o
 .group         0x0000000000000000        0x8 ./src/sml_file.o
 .group         0x0000000000000000        0x8 ./src/sml_file.o
 .group         0x0000000000000000        0x8 ./src/sml_file.o
 .group         0x0000000000000000        0x8 ./src/sml_file.o
 .group         0x0000000000000000        0x8 ./src/sml_file.o
 .group         0x0000000000000000        0x8 ./src/sml_file.o
 .group         0x0000000000000000        0x8 ./src/sml_file.o
 .group         0x0000000000000000        0x8 ./src/sml_file.o
 .group         0x0000000000000000        0x8 ./src/sml_file.o
 .group         0x0000000000000000        0x8 ./src/sml_file.o
 .group         0x0000000000000000        0x8 ./src/sml_file.o
 .group         0x0000000000000000        0x8 ./src/sml_file.o
 .group         0x0000000000000000        0x8 ./src/sml_file.o
 .group         0x0000000000000000        0x8 ./src/sml_file.o
 .group         0x0000000000000000        0x8 ./src/sml_file.o
 .group         0x0000000000000000        0x8 ./src/sml_file.o
 .group         0x0000000000000000        0x8 ./src/sml_file.o
 .group         0x0000000000000000        0x8 ./src/sml_file.o
 .group         0x0000000000000000        0x8 ./src/sml_file.o
 .group         0x0000000000000000        0x8 ./src/sml_file.o
 .group         0x0000000000000000        0x8 ./src/sml_file.o
 .group         0x0000000000000000        0x8 ./src/sml_file.o
 .group         0x0000000000000000        0x8 ./src/sml_file.o
 .group         0x0000000000000000        0x8 ./src/sml_file.o
 .group         0x0000000000000000        0x8 ./src/sml_file.o
 .group         0x0000000000000000        0x8 ./src/sml_file.o
 .group         0x0000000000000000        0x8 ./src/sml_file.o
 .group         0x0000000000000000        0x8 ./src/sml_file.o
 .group         0x0000000000000000        0x8 ./src/sml_file.o
 .group         0x0000000000000000        0x8 ./src/sml_file.o
 .text          0x0000000000000000        0x0 ./src/sml_file.o
 .data          0x0000000000000000        0x0 ./src/sml_file.o
 .bss           0x0000000000000000        0x0 ./src/sml_file.o
 .debug_macro   0x0000000000000000      0x8c2 ./src/sml_file.o
 .debug_macro   0x0000000000000000       0x22 ./src/sml_file.o
 .debug_macro   0x0000000000000000      0x179 ./src/sml_file.o
 .debug_macro   0x0000000000000000      0x16f ./src/sml_file.o
 .debug_macro   0x0000000000000000       0x35 ./src/sml_file.o
 .debug_macro   0x0000000000000000       0x70 ./src/sml_file.o
 .debug_macro   0x0000000000000000       0x16 ./src/sml_file.o
 .debug_macro   0x0000000000000000      0x1cf ./src/sml_file.o
 .debug_macro   0x0000000000000000       0x16 ./src/sml_file.o
 .debug_macro   0x0000000000000000      0x10e ./src/sml_file.o
 .debug_macro   0x0000000000000000       0x3a ./src/sml_file.o
 .debug_macro   0x0000000000000000       0x4c ./src/sml_file.o
 .debug_macro   0x0000000000000000       0x1c ./src/sml_file.o
 .debug_macro   0x0000000000000000       0x28 ./src/sml_file.o
 .debug_macro   0x0000000000000000       0x5e ./src/sml_file.o
 .debug_macro   0x0000000000000000       0xd6 ./src/sml_file.o
 .debug_macro   0x0000000000000000       0x10 ./src/sml_file.o
 .debug_macro   0x0000000000000000       0x4c ./src/sml_file.o
 .debug_macro   0x0000000000000000       0x22 ./src/sml_file.o
 .debug_macro   0x0000000000000000       0x62 ./src/sml_file.o
 .debug_macro   0x0000000000000000       0x73 ./src/sml_file.o
 .debug_macro   0x0000000000000000       0x3a ./src/sml_file.o
 .debug_macro   0x0000000000000000       0x12 ./src/sml_file.o
 .debug_macro   0x0000000000000000       0x19 ./src/sml_file.o
 .debug_macro   0x0000000000000000       0x1c ./src/sml_file.o
 .debug_macro   0x0000000000000000       0x10 ./src/sml_file.o
 .debug_macro   0x0000000000000000       0x16 ./src/sml_file.o
 .debug_macro   0x0000000000000000       0x28 ./src/sml_file.o
 .debug_macro   0x0000000000000000       0x10 ./src/sml_file.o
 .debug_macro   0x0000000000000000       0x4c ./src/sml_file.o
 .debug_macro   0x0000000000000000       0x1c ./src/sml_file.o
 .debug_macro   0x0000000000000000       0x20 ./src/sml_file.o
 .debug_macro   0x0000000000000000       0x59 ./src/sml_file.o
 .debug_macro   0x0000000000000000       0x10 ./src/sml_file.o
 .debug_macro   0x0000000000000000       0x10 ./src/sml_file.o
 .debug_macro   0x0000000000000000       0x16 ./src/sml_file.o
 .debug_macro   0x0000000000000000       0x20 ./src/sml_file.o
 .debug_macro   0x0000000000000000       0x58 ./src/sml_file.o
 .debug_macro   0x0000000000000000       0x16 ./src/sml_file.o
 .debug_macro   0x0000000000000000       0x22 ./src/sml_file.o
 .debug_macro   0x0000000000000000       0x16 ./src/sml_file.o
 .debug_macro   0x0000000000000000       0x2e ./src/sml_file.o
 .debug_macro   0x0000000000000000       0x16 ./src/sml_file.o
 .debug_macro   0x0000000000000000       0x1e ./src/sml_file.o
 .debug_macro   0x0000000000000000       0x28 ./src/sml_file.o
 .debug_macro   0x0000000000000000       0x58 ./src/sml_file.o
 .debug_macro   0x0000000000000000       0x10 ./src/sml_file.o
 .debug_macro   0x0000000000000000      0x1c2 ./src/sml_file.o
 .debug_macro   0x0000000000000000       0x3e ./src/sml_file.o
 .debug_macro   0x0000000000000000       0x28 ./src/sml_file.o
 .debug_macro   0x0000000000000000       0x27 ./src/sml_file.o
 .note.GNU-stack
                0x0000000000000000        0x0 ./src/sml_file.o
 .group         0x0000000000000000        0x8 ./src/sml_get_list_request.o
 .group         0x0000000000000000        0x8 ./src/sml_get_list_request.o
 .group         0x0000000000000000        0x8 ./src/sml_get_list_request.o
 .group         0x0000000000000000        0x8 ./src/sml_get_list_request.o
 .group         0x0000000000000000        0x8 ./src/sml_get_list_request.o
 .group         0x0000000000000000        0x8 ./src/sml_get_list_request.o
 .group         0x0000000000000000        0x8 ./src/sml_get_list_request.o
 .group         0x0000000000000000        0x8 ./src/sml_get_list_request.o
 .group         0x0000000000000000        0x8 ./src/sml_get_list_request.o
 .group         0x0000000000000000        0x8 ./src/sml_get_list_request.o
 .group         0x0000000000000000        0x8 ./src/sml_get_list_request.o
 .group         0x0000000000000000        0x8 ./src/sml_get_list_request.o
 .group         0x0000000000000000        0x8 ./src/sml_get_list_request.o
 .group         0x0000000000000000        0x8 ./src/sml_get_list_request.o
 .group         0x0000000000000000        0x8 ./src/sml_get_list_request.o
 .group         0x0000000000000000        0x8 ./src/sml_get_list_request.o
 .group         0x0000000000000000        0x8 ./src/sml_get_list_request.o
 .group         0x0000000000000000        0x8 ./src/sml_get_list_request.o
 .group         0x0000000000000000        0x8 ./src/sml_get_list_request.o
 .group         0x0000000000000000        0x8 ./src/sml_get_list_request.o
 .group         0x0000000000000000        0x8 ./src/sml_get_list_request.o
 .group         0x0000000000000000        0x8 ./src/sml_get_list_request.o
 .group         0x0000000000000000        0x8 ./src/sml_get_list_request.o
 .group         0x0000000000000000        0x8 ./src/sml_get_list_request.o
 .group         0x0000000000000000        0x8 ./src/sml_get_list_request.o
 .group         0x0000000000000000        0x8 ./src/sml_get_list_request.o
 .group         0x0000000000000000        0x8 ./src/sml_get_list_request.o
 .group         0x0000000000000000        0x8 ./src/sml_get_list_request.o
 .group         0x0000000000000000        0x8 ./src/sml_get_list_request.o
 .group         0x0000000000000000        0x8 ./src/sml_get_list_request.o
 .group         0x0000000000000000        0x8 ./src/sml_get_list_request.o
 .group         0x0000000000000000        0x8 ./src/sml_get_list_request.o
 .group         0x0000000000000000        0x8 ./src/sml_get_list_request.o
 .group         0x0000000000000000        0x8 ./src/sml_get_list_request.o
 .group         0x0000000000000000        0x8 ./src/sml_get_list_request.o
 .group         0x0000000000000000        0x8 ./src/sml_get_list_request.o
 .group         0x0000000000000000        0x8 ./src/sml_get_list_request.o
 .group         0x0000000000000000        0x8 ./src/sml_get_list_request.o
 .group         0x0000000000000000        0x8 ./src/sml_get_list_request.o
 .group         0x0000000000000000        0x8 ./src/sml_get_list_request.o
 .group         0x0000000000000000        0x8 ./src/sml_get_list_request.o
 .group         0x0000000000000000        0x8 ./src/sml_get_list_request.o
 .group         0x0000000000000000        0x8 ./src/sml_get_list_request.o
 .group         0x0000000000000000        0x8 ./src/sml_get_list_request.o
 .group         0x0000000000000000        0x8 ./src/sml_get_list_request.o
 .group         0x0000000000000000        0x8 ./src/sml_get_list_request.o
 .group         0x0000000000000000        0x8 ./src/sml_get_list_request.o
 .group         0x0000000000000000        0x8 ./src/sml_get_list_request.o
 .group         0x0000000000000000        0x8 ./src/sml_get_list_request.o
 .group         0x0000000000000000        0x8 ./src/sml_get_list_request.o
 .group         0x0000000000000000        0x8 ./src/sml_get_list_request.o
 .group         0x0000000000000000        0x8 ./src/sml_get_list_request.o
 .group         0x0000000000000000        0x8 ./src/sml_get_list_request.o
 .group         0x0000000000000000        0x8 ./src/sml_get_list_request.o
 .text          0x0000000000000000        0x0 ./src/sml_get_list_request.o
 .data          0x0000000000000000        0x0 ./src/sml_get_list_request.o
 .bss           0x0000000000000000        0x0 ./src/sml_get_list_request.o
 .debug_macro   0x0000000000000000      0x8c2 ./src/sml_get_list_request.o
 .debug_macro   0x0000000000000000       0x22 ./src/sml_get_list_request.o
 .debug_macro   0x0000000000000000      0x179 ./src/sml_get_list_request.o
 .debug_macro   0x0000000000000000      0x16f ./src/sml_get_list_request.o
 .debug_macro   0x0000000000000000       0x35 ./src/sml_get_list_request.o
 .debug_macro   0x0000000000000000       0x70 ./src/sml_get_list_request.o
 .debug_macro   0x0000000000000000       0x16 ./src/sml_get_list_request.o
 .debug_macro   0x0000000000000000      0x1cf ./src/sml_get_list_request.o
 .debug_macro   0x0000000000000000       0x16 ./src/sml_get_list_request.o
 .debug_macro   0x0000000000000000      0x10e ./src/sml_get_list_request.o
 .debug_macro   0x0000000000000000       0x3a ./src/sml_get_list_request.o
 .debug_macro   0x0000000000000000       0x4c ./src/sml_get_list_request.o
 .debug_macro   0x0000000000000000       0x1c ./src/sml_get_list_request.o
 .debug_macro   0x0000000000000000       0x28 ./src/sml_get_list_request.o
 .debug_macro   0x0000000000000000       0x5e ./src/sml_get_list_request.o
 .debug_macro   0x0000000000000000       0xd6 ./src/sml_get_list_request.o
 .debug_macro   0x0000000000000000       0x10 ./src/sml_get_list_request.o
 .debug_macro   0x0000000000000000       0x4c ./src/sml_get_list_request.o
 .debug_macro   0x0000000000000000       0x22 ./src/sml_get_list_request.o
 .debug_macro   0x0000000000000000       0x62 ./src/sml_get_list_request.o
 .debug_macro   0x0000000000000000       0x73 ./src/sml_get_list_request.o
 .debug_macro   0x0000000000000000       0x3a ./src/sml_get_list_request.o
 .debug_macro   0x0000000000000000       0x12 ./src/sml_get_list_request.o
 .debug_macro   0x0000000000000000       0x19 ./src/sml_get_list_request.o
 .debug_macro   0x0000000000000000       0x1c ./src/sml_get_list_request.o
 .debug_macro   0x0000000000000000       0x10 ./src/sml_get_list_request.o
 .debug_macro   0x0000000000000000       0x16 ./src/sml_get_list_request.o
 .debug_macro   0x0000000000000000       0x28 ./src/sml_get_list_request.o
 .debug_macro   0x0000000000000000       0x10 ./src/sml_get_list_request.o
 .debug_macro   0x0000000000000000       0x4c ./src/sml_get_list_request.o
 .debug_macro   0x0000000000000000       0x1c ./src/sml_get_list_request.o
 .debug_macro   0x0000000000000000       0x20 ./src/sml_get_list_request.o
 .debug_macro   0x0000000000000000       0x59 ./src/sml_get_list_request.o
 .debug_macro   0x0000000000000000       0x10 ./src/sml_get_list_request.o
 .debug_macro   0x0000000000000000       0x10 ./src/sml_get_list_request.o
 .debug_macro   0x0000000000000000       0x16 ./src/sml_get_list_request.o
 .debug_macro   0x0000000000000000       0x20 ./src/sml_get_list_request.o
 .debug_macro   0x0000000000000000       0x58 ./src/sml_get_list_request.o
 .debug_macro   0x0000000000000000       0xdc ./src/sml_get_list_request.o
 .debug_macro   0x0000000000000000       0x1c ./src/sml_get_list_request.o
 .debug_macro   0x0000000000000000       0x16 ./src/sml_get_list_request.o
 .debug_macro   0x0000000000000000       0x16 ./src/sml_get_list_request.o
 .debug_macro   0x0000000000000000       0x22 ./src/sml_get_list_request.o
 .debug_macro   0x0000000000000000       0x16 ./src/sml_get_list_request.o
 .debug_macro   0x0000000000000000       0x2e ./src/sml_get_list_request.o
 .debug_macro   0x0000000000000000       0x16 ./src/sml_get_list_request.o
 .debug_macro   0x0000000000000000       0x1e ./src/sml_get_list_request.o
 .debug_macro   0x0000000000000000       0x28 ./src/sml_get_list_request.o
 .debug_macro   0x0000000000000000       0x58 ./src/sml_get_list_request.o
 .debug_macro   0x0000000000000000       0x10 ./src/sml_get_list_request.o
 .debug_macro   0x0000000000000000      0x1c2 ./src/sml_get_list_request.o
 .debug_macro   0x0000000000000000       0x3e ./src/sml_get_list_request.o
 .debug_macro   0x0000000000000000       0x28 ./src/sml_get_list_request.o
 .debug_macro   0x0000000000000000       0x27 ./src/sml_get_list_request.o
 .note.GNU-stack
                0x0000000000000000        0x0 ./src/sml_get_list_request.o
 .group         0x0000000000000000        0x8 ./src/sml_get_list_response.o
 .group         0x0000000000000000        0x8 ./src/sml_get_list_response.o
 .group         0x0000000000000000        0x8 ./src/sml_get_list_response.o
 .group         0x0000000000000000        0x8 ./src/sml_get_list_response.o
 .group         0x0000000000000000        0x8 ./src/sml_get_list_response.o
 .group         0x0000000000000000        0x8 ./src/sml_get_list_response.o
 .group         0x0000000000000000        0x8 ./src/sml_get_list_response.o
 .group         0x0000000000000000        0x8 ./src/sml_get_list_response.o
 .group         0x0000000000000000        0x8 ./src/sml_get_list_response.o
 .group         0x0000000000000000        0x8 ./src/sml_get_list_response.o
 .group         0x0000000000000000        0x8 ./src/sml_get_list_response.o
 .group         0x0000000000000000        0x8 ./src/sml_get_list_response.o
 .group         0x0000000000000000        0x8 ./src/sml_get_list_response.o
 .group         0x0000000000000000        0x8 ./src/sml_get_list_response.o
 .group         0x0000000000000000        0x8 ./src/sml_get_list_response.o
 .group         0x0000000000000000        0x8 ./src/sml_get_list_response.o
 .group         0x0000000000000000        0x8 ./src/sml_get_list_response.o
 .group         0x0000000000000000        0x8 ./src/sml_get_list_response.o
 .group         0x0000000000000000        0x8 ./src/sml_get_list_response.o
 .group         0x0000000000000000        0x8 ./src/sml_get_list_response.o
 .group         0x0000000000000000        0x8 ./src/sml_get_list_response.o
 .group         0x0000000000000000        0x8 ./src/sml_get_list_response.o
 .group         0x0000000000000000        0x8 ./src/sml_get_list_response.o
 .group         0x0000000000000000        0x8 ./src/sml_get_list_response.o
 .group         0x0000000000000000        0x8 ./src/sml_get_list_response.o
 .group         0x0000000000000000        0x8 ./src/sml_get_list_response.o
 .group         0x0000000000000000        0x8 ./src/sml_get_list_response.o
 .group         0x0000000000000000        0x8 ./src/sml_get_list_response.o
 .group         0x0000000000000000        0x8 ./src/sml_get_list_response.o
 .group         0x0000000000000000        0x8 ./src/sml_get_list_response.o
 .group         0x0000000000000000        0x8 ./src/sml_get_list_response.o
 .group         0x0000000000000000        0x8 ./src/sml_get_list_response.o
 .group         0x0000000000000000        0x8 ./src/sml_get_list_response.o
 .group         0x0000000000000000        0x8 ./src/sml_get_list_response.o
 .group         0x0000000000000000        0x8 ./src/sml_get_list_response.o
 .group         0x0000000000000000        0x8 ./src/sml_get_list_response.o
 .group         0x0000000000000000        0x8 ./src/sml_get_list_response.o
 .group         0x0000000000000000        0x8 ./src/sml_get_list_response.o
 .group         0x0000000000000000        0x8 ./src/sml_get_list_response.o
 .group         0x0000000000000000        0x8 ./src/sml_get_list_response.o
 .group         0x0000000000000000        0x8 ./src/sml_get_list_response.o
 .group         0x0000000000000000        0x8 ./src/sml_get_list_response.o
 .group         0x0000000000000000        0x8 ./src/sml_get_list_response.o
 .text          0x0000000000000000        0x0 ./src/sml_get_list_response.o
 .data          0x0000000000000000        0x0 ./src/sml_get_list_response.o
 .bss           0x0000000000000000        0x0 ./src/sml_get_list_response.o
 .debug_macro   0x0000000000000000      0x8c2 ./src/sml_get_list_response.o
 .debug_macro   0x0000000000000000       0x22 ./src/sml_get_list_response.o
 .debug_macro   0x0000000000000000      0x179 ./src/sml_get_list_response.o
 .debug_macro   0x0000000000000000      0x16f ./src/sml_get_list_response.o
 .debug_macro   0x0000000000000000       0x35 ./src/sml_get_list_response.o
 .debug_macro   0x0000000000000000       0x70 ./src/sml_get_list_response.o
 .debug_macro   0x0000000000000000       0x16 ./src/sml_get_list_response.o
 .debug_macro   0x0000000000000000      0x1cf ./src/sml_get_list_response.o
 .debug_macro   0x0000000000000000       0x16 ./src/sml_get_list_response.o
 .debug_macro   0x0000000000000000      0x10e ./src/sml_get_list_response.o
 .debug_macro   0x0000000000000000       0x3a ./src/sml_get_list_response.o
 .debug_macro   0x0000000000000000       0x4c ./src/sml_get_list_response.o
 .debug_macro   0x0000000000000000       0x1c ./src/sml_get_list_response.o
 .debug_macro   0x0000000000000000       0x28 ./src/sml_get_list_response.o
 .debug_macro   0x0000000000000000       0x5e ./src/sml_get_list_response.o
 .debug_macro   0x0000000000000000       0xd6 ./src/sml_get_list_response.o
 .debug_macro   0x0000000000000000       0x10 ./src/sml_get_list_response.o
 .debug_macro   0x0000000000000000       0x4c ./src/sml_get_list_response.o
 .debug_macro   0x0000000000000000       0x22 ./src/sml_get_list_response.o
 .debug_macro   0x0000000000000000       0x62 ./src/sml_get_list_response.o
 .debug_macro   0x0000000000000000       0x73 ./src/sml_get_list_response.o
 .debug_macro   0x0000000000000000       0x3a ./src/sml_get_list_response.o
 .debug_macro   0x0000000000000000       0x12 ./src/sml_get_list_response.o
 .debug_macro   0x0000000000000000       0x19 ./src/sml_get_list_response.o
 .debug_macro   0x0000000000000000       0x1c ./src/sml_get_list_response.o
 .debug_macro   0x0000000000000000       0x10 ./src/sml_get_list_response.o
 .debug_macro   0x0000000000000000       0x16 ./src/sml_get_list_response.o
 .debug_macro   0x0000000000000000       0x28 ./src/sml_get_list_response.o
 .debug_macro   0x0000000000000000       0x10 ./src/sml_get_list_response.o
 .debug_macro   0x0000000000000000       0x4c ./src/sml_get_list_response.o
 .debug_macro   0x0000000000000000       0x1c ./src/sml_get_list_response.o
 .debug_macro   0x0000000000000000       0x20 ./src/sml_get_list_response.o
 .debug_macro   0x0000000000000000       0x59 ./src/sml_get_list_response.o
 .debug_macro   0x0000000000000000       0x10 ./src/sml_get_list_response.o
 .debug_macro   0x0000000000000000       0x10 ./src/sml_get_list_response.o
 .debug_macro   0x0000000000000000       0x16 ./src/sml_get_list_response.o
 .debug_macro   0x0000000000000000       0x20 ./src/sml_get_list_response.o
 .debug_macro   0x0000000000000000       0x58 ./src/sml_get_list_response.o
 .debug_macro   0x0000000000000000       0xdc ./src/sml_get_list_response.o
 .debug_macro   0x0000000000000000       0x1c ./src/sml_get_list_response.o
 .debug_macro   0x0000000000000000       0x16 ./src/sml_get_list_response.o
 .debug_macro   0x0000000000000000       0x16 ./src/sml_get_list_response.o
 .debug_macro   0x0000000000000000       0x22 ./src/sml_get_list_response.o
 .note.GNU-stack
                0x0000000000000000        0x0 ./src/sml_get_list_response.o
 .group         0x0000000000000000        0x8 ./src/sml_get_proc_parameter_request.o
 .group         0x0000000000000000        0x8 ./src/sml_get_proc_parameter_request.o
 .group         0x0000000000000000        0x8 ./src/sml_get_proc_parameter_request.o
 .group         0x0000000000000000        0x8 ./src/sml_get_proc_parameter_request.o
 .group         0x0000000000000000        0x8 ./src/sml_get_proc_parameter_request.o
 .group         0x0000000000000000        0x8 ./src/sml_get_proc_parameter_request.o
 .group         0x0000000000000000        0x8 ./src/sml_get_proc_parameter_request.o
 .group         0x0000000000000000        0x8 ./src/sml_get_proc_parameter_request.o
 .group         0x0000000000000000        0x8 ./src/sml_get_proc_parameter_request.o
 .group         0x0000000000000000        0x8 ./src/sml_get_proc_parameter_request.o
 .group         0x0000000000000000        0x8 ./src/sml_get_proc_parameter_request.o
 .group         0x0000000000000000        0x8 ./src/sml_get_proc_parameter_request.o
 .group         0x0000000000000000        0x8 ./src/sml_get_proc_parameter_request.o
 .group         0x0000000000000000        0x8 ./src/sml_get_proc_parameter_request.o
 .group         0x0000000000000000        0x8 ./src/sml_get_proc_parameter_request.o
 .group         0x0000000000000000        0x8 ./src/sml_get_proc_parameter_request.o
 .group         0x0000000000000000        0x8 ./src/sml_get_proc_parameter_request.o
 .group         0x0000000000000000        0x8 ./src/sml_get_proc_parameter_request.o
 .group         0x0000000000000000        0x8 ./src/sml_get_proc_parameter_request.o
 .group         0x0000000000000000        0x8 ./src/sml_get_proc_parameter_request.o
 .group         0x0000000000000000        0x8 ./src/sml_get_proc_parameter_request.o
 .group         0x0000000000000000        0x8 ./src/sml_get_proc_parameter_request.o
 .group         0x0000000000000000        0x8 ./src/sml_get_proc_parameter_request.o
 .group         0x0000000000000000        0x8 ./src/sml_get_proc_parameter_request.o
 .group         0x0000000000000000        0x8 ./src/sml_get_proc_parameter_request.o
 .group         0x0000000000000000        0x8 ./src/sml_get_proc_parameter_request.o
 .group         0x0000000000000000        0x8 ./src/sml_get_proc_parameter_request.o
 .group         0x0000000000000000        0x8 ./src/sml_get_proc_parameter_request.o
 .group         0x0000000000000000        0x8 ./src/sml_get_proc_parameter_request.o
 .group         0x0000000000000000        0x8 ./src/sml_get_proc_parameter_request.o
 .group         0x0000000000000000        0x8 ./src/sml_get_proc_parameter_request.o
 .group         0x0000000000000000        0x8 ./src/sml_get_proc_parameter_request.o
 .group         0x0000000000000000        0x8 ./src/sml_get_proc_parameter_request.o
 .group         0x0000000000000000        0x8 ./src/sml_get_proc_parameter_request.o
 .group         0x0000000000000000        0x8 ./src/sml_get_proc_parameter_request.o
 .group         0x0000000000000000        0x8 ./src/sml_get_proc_parameter_request.o
 .group         0x0000000000000000        0x8 ./src/sml_get_proc_parameter_request.o
 .group         0x0000000000000000        0x8 ./src/sml_get_proc_parameter_request.o
 .group         0x0000000000000000        0x8 ./src/sml_get_proc_parameter_request.o
 .group         0x0000000000000000        0x8 ./src/sml_get_proc_parameter_request.o
 .group         0x0000000000000000        0x8 ./src/sml_get_proc_parameter_request.o
 .group         0x0000000000000000        0x8 ./src/sml_get_proc_parameter_request.o
 .group         0x0000000000000000        0x8 ./src/sml_get_proc_parameter_request.o
 .group         0x0000000000000000        0x8 ./src/sml_get_proc_parameter_request.o
 .group         0x0000000000000000        0x8 ./src/sml_get_proc_parameter_request.o
 .group         0x0000000000000000        0x8 ./src/sml_get_proc_parameter_request.o
 .group         0x0000000000000000        0x8 ./src/sml_get_proc_parameter_request.o
 .group         0x0000000000000000        0x8 ./src/sml_get_proc_parameter_request.o
 .group         0x0000000000000000        0x8 ./src/sml_get_proc_parameter_request.o
 .group         0x0000000000000000        0x8 ./src/sml_get_proc_parameter_request.o
 .group         0x0000000000000000        0x8 ./src/sml_get_proc_parameter_request.o
 .group         0x0000000000000000        0x8 ./src/sml_get_proc_parameter_request.o
 .group         0x0000000000000000        0x8 ./src/sml_get_proc_parameter_request.o
 .group         0x0000000000000000        0x8 ./src/sml_get_proc_parameter_request.o
 .group         0x0000000000000000        0x8 ./src/sml_get_proc_parameter_request.o
 .text          0x0000000000000000        0x0 ./src/sml_get_proc_parameter_request.o
 .data          0x0000000000000000        0x0 ./src/sml_get_proc_parameter_request.o
 .bss           0x0000000000000000        0x0 ./src/sml_get_proc_parameter_request.o
 .debug_macro   0x0000000000000000      0x8c2 ./src/sml_get_proc_parameter_request.o
 .debug_macro   0x0000000000000000       0x22 ./src/sml_get_proc_parameter_request.o
 .debug_macro   0x0000000000000000      0x179 ./src/sml_get_proc_parameter_request.o
 .debug_macro   0x0000000000000000      0x16f ./src/sml_get_proc_parameter_request.o
 .debug_macro   0x0000000000000000       0x35 ./src/sml_get_proc_parameter_request.o
 .debug_macro   0x0000000000000000       0x70 ./src/sml_get_proc_parameter_request.o
 .debug_macro   0x0000000000000000       0x16 ./src/sml_get_proc_parameter_request.o
 .debug_macro   0x0000000000000000      0x1cf ./src/sml_get_proc_parameter_request.o
 .debug_macro   0x0000000000000000       0x16 ./src/sml_get_proc_parameter_request.o
 .debug_macro   0x0000000000000000      0x10e ./src/sml_get_proc_parameter_request.o
 .debug_macro   0x0000000000000000       0x3a ./src/sml_get_proc_parameter_request.o
 .debug_macro   0x0000000000000000       0x4c ./src/sml_get_proc_parameter_request.o
 .debug_macro   0x0000000000000000       0x1c ./src/sml_get_proc_parameter_request.o
 .debug_macro   0x0000000000000000       0x28 ./src/sml_get_proc_parameter_request.o
 .debug_macro   0x0000000000000000       0x5e ./src/sml_get_proc_parameter_request.o
 .debug_macro   0x0000000000000000       0xd6 ./src/sml_get_proc_parameter_request.o
 .debug_macro   0x0000000000000000       0x10 ./src/sml_get_proc_parameter_request.o
 .debug_macro   0x0000000000000000       0x4c ./src/sml_get_proc_parameter_request.o
 .debug_macro   0x0000000000000000       0x22 ./src/sml_get_proc_parameter_request.o
 .debug_macro   0x0000000000000000       0x62 ./src/sml_get_proc_parameter_request.o
 .debug_macro   0x0000000000000000       0x73 ./src/sml_get_proc_parameter_request.o
 .debug_macro   0x0000000000000000       0x3a ./src/sml_get_proc_parameter_request.o
 .debug_macro   0x0000000000000000       0x12 ./src/sml_get_proc_parameter_request.o
 .debug_macro   0x0000000000000000       0x19 ./src/sml_get_proc_parameter_request.o
 .debug_macro   0x0000000000000000       0x1c ./src/sml_get_proc_parameter_request.o
 .debug_macro   0x0000000000000000       0x10 ./src/sml_get_proc_parameter_request.o
 .debug_macro   0x0000000000000000       0x16 ./src/sml_get_proc_parameter_request.o
 .debug_macro   0x0000000000000000       0x28 ./src/sml_get_proc_parameter_request.o
 .debug_macro   0x0000000000000000       0x10 ./src/sml_get_proc_parameter_request.o
 .debug_macro   0x0000000000000000       0x4c ./src/sml_get_proc_parameter_request.o
 .debug_macro   0x0000000000000000       0x1c ./src/sml_get_proc_parameter_request.o
 .debug_macro   0x0000000000000000       0x20 ./src/sml_get_proc_parameter_request.o
 .debug_macro   0x0000000000000000       0x59 ./src/sml_get_proc_parameter_request.o
 .debug_macro   0x0000000000000000       0x10 ./src/sml_get_proc_parameter_request.o
 .debug_macro   0x0000000000000000       0x10 ./src/sml_get_proc_parameter_request.o
 .debug_macro   0x0000000000000000       0x16 ./src/sml_get_proc_parameter_request.o
 .debug_macro   0x0000000000000000       0x20 ./src/sml_get_proc_parameter_request.o
 .debug_macro   0x0000000000000000       0x58 ./src/sml_get_proc_parameter_request.o
 .debug_macro   0x0000000000000000       0x16 ./src/sml_get_proc_parameter_request.o
 .debug_macro   0x0000000000000000       0xe2 ./src/sml_get_proc_parameter_request.o
 .debug_macro   0x0000000000000000       0x10 ./src/sml_get_proc_parameter_request.o
 .debug_macro   0x0000000000000000       0x16 ./src/sml_get_proc_parameter_request.o
 .debug_macro   0x0000000000000000       0x22 ./src/sml_get_proc_parameter_request.o
 .debug_macro   0x0000000000000000       0x1c ./src/sml_get_proc_parameter_request.o
 .debug_macro   0x0000000000000000       0x16 ./src/sml_get_proc_parameter_request.o
 .debug_macro   0x0000000000000000       0x2e ./src/sml_get_proc_parameter_request.o
 .debug_macro   0x0000000000000000       0x16 ./src/sml_get_proc_parameter_request.o
 .debug_macro   0x0000000000000000       0x1e ./src/sml_get_proc_parameter_request.o
 .debug_macro   0x0000000000000000       0x28 ./src/sml_get_proc_parameter_request.o
 .debug_macro   0x0000000000000000       0x58 ./src/sml_get_proc_parameter_request.o
 .debug_macro   0x0000000000000000       0x10 ./src/sml_get_proc_parameter_request.o
 .debug_macro   0x0000000000000000      0x1c2 ./src/sml_get_proc_parameter_request.o
 .debug_macro   0x0000000000000000       0x3e ./src/sml_get_proc_parameter_request.o
 .debug_macro   0x0000000000000000       0x28 ./src/sml_get_proc_parameter_request.o
 .debug_macro   0x0000000000000000       0x27 ./src/sml_get_proc_parameter_request.o
 .note.GNU-stack
                0x0000000000000000        0x0 ./src/sml_get_proc_parameter_request.o
 .group         0x0000000000000000        0x8 ./src/sml_get_proc_parameter_response.o
 .group         0x0000000000000000        0x8 ./src/sml_get_proc_parameter_response.o
 .group         0x0000000000000000        0x8 ./src/sml_get_proc_parameter_response.o
 .group         0x0000000000000000        0x8 ./src/sml_get_proc_parameter_response.o
 .group         0x0000000000000000        0x8 ./src/sml_get_proc_parameter_response.o
 .group         0x0000000000000000        0x8 ./src/sml_get_proc_parameter_response.o
 .group         0x0000000000000000        0x8 ./src/sml_get_proc_parameter_response.o
 .group         0x0000000000000000        0x8 ./src/sml_get_proc_parameter_response.o
 .group         0x0000000000000000        0x8 ./src/sml_get_proc_parameter_response.o
 .group         0x0000000000000000        0x8 ./src/sml_get_proc_parameter_response.o
 .group         0x0000000000000000        0x8 ./src/sml_get_proc_parameter_response.o
 .group         0x0000000000000000        0x8 ./src/sml_get_proc_parameter_response.o
 .group         0x0000000000000000        0x8 ./src/sml_get_proc_parameter_response.o
 .group         0x0000000000000000        0x8 ./src/sml_get_proc_parameter_response.o
 .group         0x0000000000000000        0x8 ./src/sml_get_proc_parameter_response.o
 .group         0x0000000000000000        0x8 ./src/sml_get_proc_parameter_response.o
 .group         0x0000000000000000        0x8 ./src/sml_get_proc_parameter_response.o
 .group         0x0000000000000000        0x8 ./src/sml_get_proc_parameter_response.o
 .group         0x0000000000000000        0x8 ./src/sml_get_proc_parameter_response.o
 .group         0x0000000000000000        0x8 ./src/sml_get_proc_parameter_response.o
 .group         0x0000000000000000        0x8 ./src/sml_get_proc_parameter_response.o
 .group         0x0000000000000000        0x8 ./src/sml_get_proc_parameter_response.o
 .group         0x0000000000000000        0x8 ./src/sml_get_proc_parameter_response.o
 .group         0x0000000000000000        0x8 ./src/sml_get_proc_parameter_response.o
 .group         0x0000000000000000        0x8 ./src/sml_get_proc_parameter_response.o
 .group         0x0000000000000000        0x8 ./src/sml_get_proc_parameter_response.o
 .group         0x0000000000000000        0x8 ./src/sml_get_proc_parameter_response.o
 .group         0x0000000000000000        0x8 ./src/sml_get_proc_parameter_response.o
 .group         0x0000000000000000        0x8 ./src/sml_get_proc_parameter_response.o
 .group         0x0000000000000000        0x8 ./src/sml_get_proc_parameter_response.o
 .group         0x0000000000000000        0x8 ./src/sml_get_proc_parameter_response.o
 .group         0x0000000000000000        0x8 ./src/sml_get_proc_parameter_response.o
 .group         0x0000000000000000        0x8 ./src/sml_get_proc_parameter_response.o
 .group         0x0000000000000000        0x8 ./src/sml_get_proc_parameter_response.o
 .group         0x0000000000000000        0x8 ./src/sml_get_proc_parameter_response.o
 .group         0x0000000000000000        0x8 ./src/sml_get_proc_parameter_response.o
 .group         0x0000000000000000        0x8 ./src/sml_get_proc_parameter_response.o
 .group         0x0000000000000000        0x8 ./src/sml_get_proc_parameter_response.o
 .group         0x0000000000000000        0x8 ./src/sml_get_proc_parameter_response.o
 .group         0x0000000000000000        0x8 ./src/sml_get_proc_parameter_response.o
 .group         0x0000000000000000        0x8 ./src/sml_get_proc_parameter_response.o
 .group         0x0000000000000000        0x8 ./src/sml_get_proc_parameter_response.o
 .group         0x0000000000000000        0x8 ./src/sml_get_proc_parameter_response.o
 .group         0x0000000000000000        0x8 ./src/sml_get_proc_parameter_response.o
 .group         0x0000000000000000        0x8 ./src/sml_get_proc_parameter_response.o
 .group         0x0000000000000000        0x8 ./src/sml_get_proc_parameter_response.o
 .group         0x0000000000000000        0x8 ./src/sml_get_proc_parameter_response.o
 .group         0x0000000000000000        0x8 ./src/sml_get_proc_parameter_response.o
 .group         0x0000000000000000        0x8 ./src/sml_get_proc_parameter_response.o
 .group         0x0000000000000000        0x8 ./src/sml_get_proc_parameter_response.o
 .group         0x0000000000000000        0x8 ./src/sml_get_proc_parameter_response.o
 .group         0x0000000000000000        0x8 ./src/sml_get_proc_parameter_response.o
 .group         0x0000000000000000        0x8 ./src/sml_get_proc_parameter_response.o
 .group         0x0000000000000000        0x8 ./src/sml_get_proc_parameter_response.o
 .group         0x0000000000000000        0x8 ./src/sml_get_proc_parameter_response.o
 .text          0x0000000000000000        0x0 ./src/sml_get_proc_parameter_response.o
 .data          0x0000000000000000        0x0 ./src/sml_get_proc_parameter_response.o
 .bss           0x0000000000000000        0x0 ./src/sml_get_proc_parameter_response.o
 .debug_macro   0x0000000000000000      0x8c2 ./src/sml_get_proc_parameter_response.o
 .debug_macro   0x0000000000000000       0x22 ./src/sml_get_proc_parameter_response.o
 .debug_macro   0x0000000000000000      0x179 ./src/sml_get_proc_parameter_response.o
 .debug_macro   0x0000000000000000      0x16f ./src/sml_get_proc_parameter_response.o
 .debug_macro   0x0000000000000000       0x35 ./src/sml_get_proc_parameter_response.o
 .debug_macro   0x0000000000000000       0x70 ./src/sml_get_proc_parameter_response.o
 .debug_macro   0x0000000000000000       0x16 ./src/sml_get_proc_parameter_response.o
 .debug_macro   0x0000000000000000      0x1cf ./src/sml_get_proc_parameter_response.o
 .debug_macro   0x0000000000000000       0x16 ./src/sml_get_proc_parameter_response.o
 .debug_macro   0x0000000000000000      0x10e ./src/sml_get_proc_parameter_response.o
 .debug_macro   0x0000000000000000       0x3a ./src/sml_get_proc_parameter_response.o
 .debug_macro   0x0000000000000000       0x4c ./src/sml_get_proc_parameter_response.o
 .debug_macro   0x0000000000000000       0x1c ./src/sml_get_proc_parameter_response.o
 .debug_macro   0x0000000000000000       0x28 ./src/sml_get_proc_parameter_response.o
 .debug_macro   0x0000000000000000       0x5e ./src/sml_get_proc_parameter_response.o
 .debug_macro   0x0000000000000000       0xd6 ./src/sml_get_proc_parameter_response.o
 .debug_macro   0x0000000000000000       0x10 ./src/sml_get_proc_parameter_response.o
 .debug_macro   0x0000000000000000       0x4c ./src/sml_get_proc_parameter_response.o
 .debug_macro   0x0000000000000000       0x22 ./src/sml_get_proc_parameter_response.o
 .debug_macro   0x0000000000000000       0x62 ./src/sml_get_proc_parameter_response.o
 .debug_macro   0x0000000000000000       0x73 ./src/sml_get_proc_parameter_response.o
 .debug_macro   0x0000000000000000       0x3a ./src/sml_get_proc_parameter_response.o
 .debug_macro   0x0000000000000000       0x12 ./src/sml_get_proc_parameter_response.o
 .debug_macro   0x0000000000000000       0x19 ./src/sml_get_proc_parameter_response.o
 .debug_macro   0x0000000000000000       0x1c ./src/sml_get_proc_parameter_response.o
 .debug_macro   0x0000000000000000       0x10 ./src/sml_get_proc_parameter_response.o
 .debug_macro   0x0000000000000000       0x16 ./src/sml_get_proc_parameter_response.o
 .debug_macro   0x0000000000000000       0x28 ./src/sml_get_proc_parameter_response.o
 .debug_macro   0x0000000000000000       0x10 ./src/sml_get_proc_parameter_response.o
 .debug_macro   0x0000000000000000       0x4c ./src/sml_get_proc_parameter_response.o
 .debug_macro   0x0000000000000000       0x1c ./src/sml_get_proc_parameter_response.o
 .debug_macro   0x0000000000000000       0x20 ./src/sml_get_proc_parameter_response.o
 .debug_macro   0x0000000000000000       0x59 ./src/sml_get_proc_parameter_response.o
 .debug_macro   0x0000000000000000       0x10 ./src/sml_get_proc_parameter_response.o
 .debug_macro   0x0000000000000000       0x10 ./src/sml_get_proc_parameter_response.o
 .debug_macro   0x0000000000000000       0x16 ./src/sml_get_proc_parameter_response.o
 .debug_macro   0x0000000000000000       0x20 ./src/sml_get_proc_parameter_response.o
 .debug_macro   0x0000000000000000       0x58 ./src/sml_get_proc_parameter_response.o
 .debug_macro   0x0000000000000000       0x16 ./src/sml_get_proc_parameter_response.o
 .debug_macro   0x0000000000000000       0xe2 ./src/sml_get_proc_parameter_response.o
 .debug_macro   0x0000000000000000       0x10 ./src/sml_get_proc_parameter_response.o
 .debug_macro   0x0000000000000000       0x16 ./src/sml_get_proc_parameter_response.o
 .debug_macro   0x0000000000000000       0x22 ./src/sml_get_proc_parameter_response.o
 .debug_macro   0x0000000000000000       0x1c ./src/sml_get_proc_parameter_response.o
 .debug_macro   0x0000000000000000       0x16 ./src/sml_get_proc_parameter_response.o
 .debug_macro   0x0000000000000000       0x2e ./src/sml_get_proc_parameter_response.o
 .debug_macro   0x0000000000000000       0x16 ./src/sml_get_proc_parameter_response.o
 .debug_macro   0x0000000000000000       0x1e ./src/sml_get_proc_parameter_response.o
 .debug_macro   0x0000000000000000       0x28 ./src/sml_get_proc_parameter_response.o
 .debug_macro   0x0000000000000000       0x58 ./src/sml_get_proc_parameter_response.o
 .debug_macro   0x0000000000000000       0x10 ./src/sml_get_proc_parameter_response.o
 .debug_macro   0x0000000000000000      0x1c2 ./src/sml_get_proc_parameter_response.o
 .debug_macro   0x0000000000000000       0x3e ./src/sml_get_proc_parameter_response.o
 .debug_macro   0x0000000000000000       0x28 ./src/sml_get_proc_parameter_response.o
 .debug_macro   0x0000000000000000       0x27 ./src/sml_get_proc_parameter_response.o
 .note.GNU-stack
                0x0000000000000000        0x0 ./src/sml_get_proc_parameter_response.o
 .group         0x0000000000000000        0x8 ./src/sml_get_profile_list_request.o
 .group         0x0000000000000000        0x8 ./src/sml_get_profile_list_request.o
 .group         0x0000000000000000        0x8 ./src/sml_get_profile_list_request.o
 .group         0x0000000000000000        0x8 ./src/sml_get_profile_list_request.o
 .group         0x0000000000000000        0x8 ./src/sml_get_profile_list_request.o
 .group         0x0000000000000000        0x8 ./src/sml_get_profile_list_request.o
 .group         0x0000000000000000        0x8 ./src/sml_get_profile_list_request.o
 .group         0x0000000000000000        0x8 ./src/sml_get_profile_list_request.o
 .group         0x0000000000000000        0x8 ./src/sml_get_profile_list_request.o
 .group         0x0000000000000000        0x8 ./src/sml_get_profile_list_request.o
 .group         0x0000000000000000        0x8 ./src/sml_get_profile_list_request.o
 .group         0x0000000000000000        0x8 ./src/sml_get_profile_list_request.o
 .group         0x0000000000000000        0x8 ./src/sml_get_profile_list_request.o
 .group         0x0000000000000000        0x8 ./src/sml_get_profile_list_request.o
 .group         0x0000000000000000        0x8 ./src/sml_get_profile_list_request.o
 .group         0x0000000000000000        0x8 ./src/sml_get_profile_list_request.o
 .group         0x0000000000000000        0x8 ./src/sml_get_profile_list_request.o
 .group         0x0000000000000000        0x8 ./src/sml_get_profile_list_request.o
 .group         0x0000000000000000        0x8 ./src/sml_get_profile_list_request.o
 .group         0x0000000000000000        0x8 ./src/sml_get_profile_list_request.o
 .group         0x0000000000000000        0x8 ./src/sml_get_profile_list_request.o
 .group         0x0000000000000000        0x8 ./src/sml_get_profile_list_request.o
 .group         0x0000000000000000        0x8 ./src/sml_get_profile_list_request.o
 .group         0x0000000000000000        0x8 ./src/sml_get_profile_list_request.o
 .group         0x0000000000000000        0x8 ./src/sml_get_profile_list_request.o
 .group         0x0000000000000000        0x8 ./src/sml_get_profile_list_request.o
 .group         0x0000000000000000        0x8 ./src/sml_get_profile_list_request.o
 .group         0x0000000000000000        0x8 ./src/sml_get_profile_list_request.o
 .group         0x0000000000000000        0x8 ./src/sml_get_profile_list_request.o
 .group         0x0000000000000000        0x8 ./src/sml_get_profile_list_request.o
 .group         0x0000000000000000        0x8 ./src/sml_get_profile_list_request.o
 .group         0x0000000000000000        0x8 ./src/sml_get_profile_list_request.o
 .group         0x0000000000000000        0x8 ./src/sml_get_profile_list_request.o
 .group         0x0000000000000000        0x8 ./src/sml_get_profile_list_request.o
 .group         0x0000000000000000        0x8 ./src/sml_get_profile_list_request.o
 .group         0x0000000000000000        0x8 ./src/sml_get_profile_list_request.o
 .group         0x0000000000000000        0x8 ./src/sml_get_profile_list_request.o
 .group         0x0000000000000000        0x8 ./src/sml_get_profile_list_request.o
 .group         0x0000000000000000        0x8 ./src/sml_get_profile_list_request.o
 .group         0x0000000000000000        0x8 ./src/sml_get_profile_list_request.o
 .group         0x0000000000000000        0x8 ./src/sml_get_profile_list_request.o
 .group         0x0000000000000000        0x8 ./src/sml_get_profile_list_request.o
 .group         0x0000000000000000        0x8 ./src/sml_get_profile_list_request.o
 .group         0x0000000000000000        0x8 ./src/sml_get_profile_list_request.o
 .group         0x0000000000000000        0x8 ./src/sml_get_profile_list_request.o
 .group         0x0000000000000000        0x8 ./src/sml_get_profile_list_request.o
 .text          0x0000000000000000        0x0 ./src/sml_get_profile_list_request.o
 .data          0x0000000000000000        0x0 ./src/sml_get_profile_list_request.o
 .bss           0x0000000000000000        0x0 ./src/sml_get_profile_list_request.o
 .debug_macro   0x0000000000000000      0x8c2 ./src/sml_get_profile_list_request.o
 .debug_macro   0x0000000000000000       0x22 ./src/sml_get_profile_list_request.o
 .debug_macro   0x0000000000000000      0x179 ./src/sml_get_profile_list_request.o
 .debug_macro   0x0000000000000000      0x16f ./src/sml_get_profile_list_request.o
 .debug_macro   0x0000000000000000       0x35 ./src/sml_get_profile_list_request.o
 .debug_macro   0x0000000000000000       0x70 ./src/sml_get_profile_list_request.o
 .debug_macro   0x0000000000000000       0x16 ./src/sml_get_profile_list_request.o
 .debug_macro   0x0000000000000000      0x1cf ./src/sml_get_profile_list_request.o
 .debug_macro   0x0000000000000000       0x16 ./src/sml_get_profile_list_request.o
 .debug_macro   0x0000000000000000      0x10e ./src/sml_get_profile_list_request.o
 .debug_macro   0x0000000000000000       0x3a ./src/sml_get_profile_list_request.o
 .debug_macro   0x0000000000000000       0x4c ./src/sml_get_profile_list_request.o
 .debug_macro   0x0000000000000000       0x1c ./src/sml_get_profile_list_request.o
 .debug_macro   0x0000000000000000       0x28 ./src/sml_get_profile_list_request.o
 .debug_macro   0x0000000000000000       0x5e ./src/sml_get_profile_list_request.o
 .debug_macro   0x0000000000000000       0xd6 ./src/sml_get_profile_list_request.o
 .debug_macro   0x0000000000000000       0x10 ./src/sml_get_profile_list_request.o
 .debug_macro   0x0000000000000000       0x4c ./src/sml_get_profile_list_request.o
 .debug_macro   0x0000000000000000       0x22 ./src/sml_get_profile_list_request.o
 .debug_macro   0x0000000000000000       0x62 ./src/sml_get_profile_list_request.o
 .debug_macro   0x0000000000000000       0x73 ./src/sml_get_profile_list_request.o
 .debug_macro   0x0000000000000000       0x3a ./src/sml_get_profile_list_request.o
 .debug_macro   0x0000000000000000       0x12 ./src/sml_get_profile_list_request.o
 .debug_macro   0x0000000000000000       0x19 ./src/sml_get_profile_list_request.o
 .debug_macro   0x0000000000000000       0x1c ./src/sml_get_profile_list_request.o
 .debug_macro   0x0000000000000000       0x10 ./src/sml_get_profile_list_request.o
 .debug_macro   0x0000000000000000       0x16 ./src/sml_get_profile_list_request.o
 .debug_macro   0x0000000000000000       0x28 ./src/sml_get_profile_list_request.o
 .debug_macro   0x0000000000000000       0x10 ./src/sml_get_profile_list_request.o
 .debug_macro   0x0000000000000000       0x4c ./src/sml_get_profile_list_request.o
 .debug_macro   0x0000000000000000       0x1c ./src/sml_get_profile_list_request.o
[...]
 .debug_abbrev  0x0000000000001f7d      0x261 ./src/sml_tree.o
 .debug_abbrev  0x00000000000021de      0x191 ./src/sml_value.o
 .debug_abbrev  0x000000000000236f       0x12 /home/rako/Data/SourceCode/CrossCompiler_Utils/gcc-linaro-5.4.1-2017.01-x86_64_arm-linux/Compiler/gcc-linaro-5.4.1-2017.01-x86_64_arm-linux-gnueabihf/bin/../arm-linux-gnueabihf/libc/usr/lib/crtn.o

.debug_line     0x0000000000000000     0xd163
 *(.debug_line .debug_line.* .debug_line_end)
 .debug_line    0x0000000000000000       0x6c /home/rako/Data/SourceCode/CrossCompiler_Utils/gcc-linaro-5.4.1-2017.01-x86_64_arm-linux/Compiler/gcc-linaro-5.4.1-2017.01-x86_64_arm-linux-gnueabihf/bin/../arm-linux-gnueabihf/libc/usr/lib/crti.o
 .debug_line    0x000000000000006c      0x6df ./src/sml_attention_response.o
 .debug_line    0x000000000000074b      0x6ad ./src/sml_boolean.o
 .debug_line    0x0000000000000df8      0x6c5 ./src/sml_close_request.o
 .debug_line    0x00000000000014bd      0x6de ./src/sml_close_response.o
 .debug_line    0x0000000000001b9b      0x61a ./src/sml_crc16.o
 .debug_line    0x00000000000021b5      0x951 ./src/sml_file.o
 .debug_line    0x0000000000002b06      0x74c ./src/sml_get_list_request.o
 .debug_line    0x0000000000003252      0x6fc ./src/sml_get_list_response.o
 .debug_line    0x000000000000394e      0x750 ./src/sml_get_proc_parameter_request.o
 .debug_line    0x000000000000409e      0x747 ./src/sml_get_proc_parameter_response.o
 .debug_line    0x00000000000047e5      0x6d3 ./src/sml_get_profile_list_request.o
 .debug_line    0x0000000000004eb8      0x758 ./src/sml_get_profile_list_response.o
 .debug_line    0x0000000000005610      0x7e5 ./src/sml_get_profile_pack_request.o
 .debug_line    0x0000000000005df5      0x956 ./src/sml_get_profile_pack_response.o
 .debug_line    0x000000000000674b      0x8ee ./src/sml_list.o
 .debug_line    0x0000000000007039      0xa32 ./src/sml_message.o
 .debug_line    0x0000000000007a6b      0x722 ./src/sml_number.o
 .debug_line    0x000000000000818d      0x7fe ./src/sml_octet_string.o
 .debug_line    0x000000000000898b      0x6f5 ./src/sml_open_request.o
 .debug_line    0x0000000000009080      0x6a4 ./src/sml_open_response.o
 .debug_line    0x0000000000009724      0x6f4 ./src/sml_set_proc_parameter_request.o
 .debug_line    0x0000000000009e18      0x77a ./src/sml_shared.o
 .debug_line    0x000000000000a592      0x661 ./src/sml_status.o
 .debug_line    0x000000000000abf3      0x72e ./src/sml_time.o
 .debug_line    0x000000000000b321      0xc66 ./src/sml_transport.o
 .debug_line    0x000000000000bf87      0xa1b ./src/sml_tree.o
 .debug_line    0x000000000000c9a2      0x76d ./src/sml_value.o
 .debug_line    0x000000000000d10f       0x54 /home/rako/Data/SourceCode/CrossCompiler_Utils/gcc-linaro-5.4.1-2017.01-x86_64_arm-linux/Compiler/gcc-linaro-5.4.1-2017.01-x86_64_arm-linux-gnueabihf/bin/../arm-linux-gnueabihf/libc/usr/lib/crtn.o

.debug_frame    0x0000000000000000     0x1bd4
 *(.debug_frame)
 .debug_frame   0x0000000000000000       0xa0 ./src/sml_attention_response.o
 .debug_frame   0x00000000000000a0       0xa0 ./src/sml_boolean.o
 .debug_frame   0x0000000000000140       0xa0 ./src/sml_close_request.o
 .debug_frame   0x00000000000001e0       0xa0 ./src/sml_close_response.o
 .debug_frame   0x0000000000000280       0x60 ./src/sml_crc16.o
 .debug_frame   0x00000000000002e0       0xec ./src/sml_file.o
 .debug_frame   0x00000000000003cc       0xa0 ./src/sml_get_list_request.o
 .debug_frame   0x000000000000046c       0xa0 ./src/sml_get_list_response.o
 .debug_frame   0x000000000000050c       0xa0 ./src/sml_get_proc_parameter_request.o
 .debug_frame   0x00000000000005ac       0xa0 ./src/sml_get_proc_parameter_response.o
 .debug_frame   0x000000000000064c       0x30 ./src/sml_get_profile_list_request.o
 .debug_frame   0x000000000000067c      0x10c ./src/sml_get_profile_list_response.o
 .debug_frame   0x0000000000000788       0xa0 ./src/sml_get_profile_pack_request.o
 .debug_frame   0x0000000000000828      0x394 ./src/sml_get_profile_pack_response.o
 .debug_frame   0x0000000000000bbc      0x210 ./src/sml_list.o
 .debug_frame   0x0000000000000dcc      0x13c ./src/sml_message.o
 .debug_frame   0x0000000000000f08       0xf8 ./src/sml_number.o
 .debug_frame   0x0000000000001000      0x1b4 ./src/sml_octet_string.o
 .debug_frame   0x00000000000011b4       0xa0 ./src/sml_open_request.o
 .debug_frame   0x0000000000001254       0xa0 ./src/sml_open_response.o
 .debug_frame   0x00000000000012f4       0xa0 ./src/sml_set_proc_parameter_request.o
 .debug_frame   0x0000000000001394      0x1dc ./src/sml_shared.o
 .debug_frame   0x0000000000001570       0xa0 ./src/sml_status.o
 .debug_frame   0x0000000000001610       0xa4 ./src/sml_time.o
 .debug_frame   0x00000000000016b4       0xb8 ./src/sml_transport.o
 .debug_frame   0x000000000000176c      0x378 ./src/sml_tree.o
 .debug_frame   0x0000000000001ae4       0xf0 ./src/sml_value.o

.debug_str      0x0000000000000000     0xe3a5
 *(.debug_str)
 .debug_str     0x0000000000000000     0x6751 ./src/sml_attention_response.o
                                       0x6976 (size before relaxing)
 .debug_str     0x0000000000006751      0xc03 ./src/sml_boolean.o
                                       0x66cc (size before relaxing)
 .debug_str     0x0000000000007354       0xc0 ./src/sml_close_request.o
                                       0x67a6 (size before relaxing)
 .debug_str     0x0000000000007414       0xa8 ./src/sml_close_response.o
                                       0x67c7 (size before relaxing)
 .debug_str     0x00000000000074bc       0x6a ./src/sml_crc16.o
                                       0x5a97 (size before relaxing)
 .debug_str     0x0000000000007526      0x844 ./src/sml_file.o
                                       0x7aca (size before relaxing)
 .debug_str     0x0000000000007d6a       0xc3 ./src/sml_get_list_request.o
                                       0x7230 (size before relaxing)
 .debug_str     0x0000000000007e2d      0x12b ./src/sml_get_list_response.o
                                       0x6801 (size before relaxing)
 .debug_str     0x0000000000007f58      0x123 ./src/sml_get_proc_parameter_request.o
                                       0x7331 (size before relaxing)
 .debug_str     0x000000000000807b       0xee ./src/sml_get_proc_parameter_response.o
                                       0x7588 (size before relaxing)
 .debug_str     0x0000000000008169       0x48 ./src/sml_get_profile_list_request.o
                                       0x685d (size before relaxing)
 .debug_str     0x00000000000081b1      0x172 ./src/sml_get_profile_list_response.o
                                       0x6872 (size before relaxing)
 .debug_str     0x0000000000008323      0x163 ./src/sml_get_profile_pack_request.o
                                       0x76d7 (size before relaxing)
 .debug_str     0x0000000000008486      0x39a ./src/sml_get_profile_pack_response.o
                                       0x7768 (size before relaxing)
 .debug_str     0x0000000000008820      0x213 ./src/sml_list.o
                                       0x74f1 (size before relaxing)
 .debug_str     0x0000000000008a33     0x3a81 ./src/sml_message.o
                                       0xba4b (size before relaxing)
 .debug_str     0x000000000000c4b4       0xd0 ./src/sml_number.o
                                       0x7090 (size before relaxing)
 .debug_str     0x000000000000c584      0xd98 ./src/sml_octet_string.o
                                       0xadb1 (size before relaxing)
 .debug_str     0x000000000000d31c       0x74 ./src/sml_open_request.o
                                       0x7156 (size before relaxing)
 .debug_str     0x000000000000d390       0x79 ./src/sml_open_response.o
                                       0x65f6 (size before relaxing)
 .debug_str     0x000000000000d409       0xba ./src/sml_set_proc_parameter_request.o
                                       0x69da (size before relaxing)
 .debug_str     0x000000000000d4c3      0x124 ./src/sml_shared.o
                                       0x675d (size before relaxing)
 .debug_str     0x000000000000d5e7       0x56 ./src/sml_status.o
                                       0x64b3 (size before relaxing)
 .debug_str     0x000000000000d63d       0x4c ./src/sml_time.o
                                       0x71ea (size before relaxing)
 .debug_str     0x000000000000d689      0xaa2 ./src/sml_transport.o
                                       0xbe26 (size before relaxing)
 .debug_str     0x000000000000e12b      0x1eb ./src/sml_tree.o
                                       0x7828 (size before relaxing)
 .debug_str     0x000000000000e316       0x8f ./src/sml_value.o
                                       0x73cb (size before relaxing)

.debug_loc
 *(.debug_loc)

.debug_macinfo
 *(.debug_macinfo)

.debug_weaknames
 *(.debug_weaknames)

.debug_funcnames
 *(.debug_funcnames)

.debug_typenames
 *(.debug_typenames)

.debug_varnames
 *(.debug_varnames)

.debug_pubtypes
 *(.debug_pubtypes)

.debug_ranges   0x0000000000000000      0x700
 *(.debug_ranges)
 .debug_ranges  0x0000000000000000       0x28 /home/rako/Data/SourceCode/CrossCompiler_Utils/gcc-linaro-5.4.1-2017.01-x86_64_arm-linux/Compiler/gcc-linaro-5.4.1-2017.01-x86_64_arm-linux-gnueabihf/bin/../arm-linux-gnueabihf/libc/usr/lib/crti.o
 .debug_ranges  0x0000000000000028       0x28 ./src/sml_attention_response.o
 .debug_ranges  0x0000000000000050       0x28 ./src/sml_boolean.o
 .debug_ranges  0x0000000000000078       0x28 ./src/sml_close_request.o
 .debug_ranges  0x00000000000000a0       0x28 ./src/sml_close_response.o
 .debug_ranges  0x00000000000000c8       0x18 ./src/sml_crc16.o
 .debug_ranges  0x00000000000000e0       0x38 ./src/sml_file.o
 .debug_ranges  0x0000000000000118       0x28 ./src/sml_get_list_request.o
 .debug_ranges  0x0000000000000140       0x28 ./src/sml_get_list_response.o
 .debug_ranges  0x0000000000000168       0x28 ./src/sml_get_proc_parameter_request.o
 .debug_ranges  0x0000000000000190       0x28 ./src/sml_get_proc_parameter_response.o
 .debug_ranges  0x00000000000001b8       0x10 ./src/sml_get_profile_list_request.o
 .debug_ranges  0x00000000000001c8       0x40 ./src/sml_get_profile_list_response.o
 .debug_ranges  0x0000000000000208       0x28 ./src/sml_get_profile_pack_request.o
 .debug_ranges  0x0000000000000230       0xd0 ./src/sml_get_profile_pack_response.o
 .debug_ranges  0x0000000000000300       0x78 ./src/sml_list.o
 .debug_ranges  0x0000000000000378       0x48 ./src/sml_message.o
 .debug_ranges  0x00000000000003c0       0x38 ./src/sml_number.o
 .debug_ranges  0x00000000000003f8       0x60 ./src/sml_octet_string.o
 .debug_ranges  0x0000000000000458       0x28 ./src/sml_open_request.o
 .debug_ranges  0x0000000000000480       0x28 ./src/sml_open_response.o
 .debug_ranges  0x00000000000004a8       0x28 ./src/sml_set_proc_parameter_request.o
 .debug_ranges  0x00000000000004d0       0x68 ./src/sml_shared.o
 .debug_ranges  0x0000000000000538       0x28 ./src/sml_status.o
 .debug_ranges  0x0000000000000560       0x40 ./src/sml_time.o
 .debug_ranges  0x00000000000005a0       0x28 ./src/sml_transport.o
 .debug_ranges  0x00000000000005c8       0xe0 ./src/sml_tree.o
 .debug_ranges  0x00000000000006a8       0x38 ./src/sml_value.o
 .debug_ranges  0x00000000000006e0       0x20 /home/rako/Data/SourceCode/CrossCompiler_Utils/gcc-linaro-5.4.1-2017.01-x86_64_arm-linux/Compiler/gcc-linaro-5.4.1-2017.01-x86_64_arm-linux-gnueabihf/bin/../arm-linux-gnueabihf/libc/usr/lib/crtn.o

.debug_macro    0x0000000000000000     0x77bf
 *(.debug_macro)
 .debug_macro   0x0000000000000000      0x250 ./src/sml_attention_response.o
 .debug_macro   0x0000000000000250      0x8c2 ./src/sml_attention_response.o
 .debug_macro   0x0000000000000b12       0x22 ./src/sml_attention_response.o
 .debug_macro   0x0000000000000b34      0x179 ./src/sml_attention_response.o
 .debug_macro   0x0000000000000cad      0x16f ./src/sml_attention_response.o
 .debug_macro   0x0000000000000e1c       0x35 ./src/sml_attention_response.o
 .debug_macro   0x0000000000000e51       0x70 ./src/sml_attention_response.o
 .debug_macro   0x0000000000000ec1       0x16 ./src/sml_attention_response.o
 .debug_macro   0x0000000000000ed7      0x1cf ./src/sml_attention_response.o
 .debug_macro   0x00000000000010a6       0x16 ./src/sml_attention_response.o
 .debug_macro   0x00000000000010bc      0x10e ./src/sml_attention_response.o
 .debug_macro   0x00000000000011ca       0x3a ./src/sml_attention_response.o
 .debug_macro   0x0000000000001204       0x4c ./src/sml_attention_response.o
 .debug_macro   0x0000000000001250       0x1c ./src/sml_attention_response.o
 .debug_macro   0x000000000000126c       0x28 ./src/sml_attention_response.o
 .debug_macro   0x0000000000001294       0x5e ./src/sml_attention_response.o
 .debug_macro   0x00000000000012f2       0xd6 ./src/sml_attention_response.o
 .debug_macro   0x00000000000013c8       0x10 ./src/sml_attention_response.o
 .debug_macro   0x00000000000013d8       0x4c ./src/sml_attention_response.o
 .debug_macro   0x0000000000001424       0x22 ./src/sml_attention_response.o
 .debug_macro   0x0000000000001446       0x62 ./src/sml_attention_response.o
 .debug_macro   0x00000000000014a8       0x73 ./src/sml_attention_response.o
 .debug_macro   0x000000000000151b       0x3a ./src/sml_attention_response.o
 .debug_macro   0x0000000000001555       0x12 ./src/sml_attention_response.o
 .debug_macro   0x0000000000001567       0x19 ./src/sml_attention_response.o
 .debug_macro   0x0000000000001580       0x1c ./src/sml_attention_response.o
 .debug_macro   0x000000000000159c       0x10 ./src/sml_attention_response.o
 .debug_macro   0x00000000000015ac       0x16 ./src/sml_attention_response.o
 .debug_macro   0x00000000000015c2       0x28 ./src/sml_attention_response.o
 .debug_macro   0x00000000000015ea       0x10 ./src/sml_attention_response.o
 .debug_macro   0x00000000000015fa       0x4c ./src/sml_attention_response.o
 .debug_macro   0x0000000000001646       0x1c ./src/sml_attention_response.o
 .debug_macro   0x0000000000001662       0x20 ./src/sml_attention_response.o
 .debug_macro   0x0000000000001682       0x59 ./src/sml_attention_response.o
 .debug_macro   0x00000000000016db       0x10 ./src/sml_attention_response.o
 .debug_macro   0x00000000000016eb       0x10 ./src/sml_attention_response.o
 .debug_macro   0x00000000000016fb       0x16 ./src/sml_attention_response.o
 .debug_macro   0x0000000000001711       0x20 ./src/sml_attention_response.o
 .debug_macro   0x0000000000001731       0x58 ./src/sml_attention_response.o
 .debug_macro   0x0000000000001789       0x16 ./src/sml_attention_response.o
 .debug_macro   0x000000000000179f       0xe2 ./src/sml_attention_response.o
 .debug_macro   0x0000000000001881       0x10 ./src/sml_attention_response.o
 .debug_macro   0x0000000000001891       0x16 ./src/sml_attention_response.o
 .debug_macro   0x00000000000018a7       0x22 ./src/sml_attention_response.o
 .debug_macro   0x00000000000018c9       0x1c ./src/sml_attention_response.o
 .debug_macro   0x00000000000018e5      0x26c ./src/sml_boolean.o
 .debug_macro   0x0000000000001b51       0x16 ./src/sml_boolean.o
 .debug_macro   0x0000000000001b67       0x2e ./src/sml_boolean.o
 .debug_macro   0x0000000000001b95       0x16 ./src/sml_boolean.o
 .debug_macro   0x0000000000001bab       0x1e ./src/sml_boolean.o
 .debug_macro   0x0000000000001bc9       0x28 ./src/sml_boolean.o
 .debug_macro   0x0000000000001bf1       0x58 ./src/sml_boolean.o
 .debug_macro   0x0000000000001c49       0x10 ./src/sml_boolean.o
 .debug_macro   0x0000000000001c59      0x1c2 ./src/sml_boolean.o
 .debug_macro   0x0000000000001e1b       0x3e ./src/sml_boolean.o
 .debug_macro   0x0000000000001e59       0x28 ./src/sml_boolean.o
 .debug_macro   0x0000000000001e81       0x27 ./src/sml_boolean.o
 .debug_macro   0x0000000000001ea8      0x27c ./src/sml_close_request.o
 .debug_macro   0x0000000000002124      0x286 ./src/sml_close_response.o
 .debug_macro   0x00000000000023aa      0x200 ./src/sml_crc16.o
 .debug_macro   0x00000000000025aa      0x37c ./src/sml_file.o
 .debug_macro   0x0000000000002926       0xdc ./src/sml_file.o
 .debug_macro   0x0000000000002a02       0x1c ./src/sml_file.o
 .debug_macro   0x0000000000002a1e       0x16 ./src/sml_file.o
 .debug_macro   0x0000000000002a34       0x22 ./src/sml_file.o
 .debug_macro   0x0000000000002a56       0x1c ./src/sml_file.o
 .debug_macro   0x0000000000002a72       0x1c ./src/sml_file.o
 .debug_macro   0x0000000000002a8e       0x5e ./src/sml_file.o
 .debug_macro   0x0000000000002aec      0x2be ./src/sml_get_list_request.o
 .debug_macro   0x0000000000002daa      0x24b ./src/sml_get_list_response.o
 .debug_macro   0x0000000000002ff5      0x2c3 ./src/sml_get_proc_parameter_request.o
 .debug_macro   0x00000000000032b8      0x2bf ./src/sml_get_proc_parameter_response.o
 .debug_macro   0x0000000000003577      0x268 ./src/sml_get_profile_list_request.o
 .debug_macro   0x00000000000037df       0x16 ./src/sml_get_profile_list_request.o
 .debug_macro   0x00000000000037f5      0x254 ./src/sml_get_profile_list_response.o
 .debug_macro   0x0000000000003a49      0x2d2 ./src/sml_get_profile_pack_request.o
 .debug_macro   0x0000000000003d1b      0x2c7 ./src/sml_get_profile_pack_response.o
 .debug_macro   0x0000000000003fe2      0x2d4 ./src/sml_list.o
 .debug_macro   0x00000000000042b6      0x3d1 ./src/sml_message.o
 .debug_macro   0x0000000000004687       0x6a ./src/sml_message.o
 .debug_macro   0x00000000000046f1      0x190 ./src/sml_message.o
 .debug_macro   0x0000000000004881       0x52 ./src/sml_message.o
 .debug_macro   0x00000000000048d3       0x27 ./src/sml_message.o
 .debug_macro   0x00000000000048fa       0x43 ./src/sml_message.o
 .debug_macro   0x000000000000493d      0x824 ./src/sml_message.o
 .debug_macro   0x0000000000005161       0x20 ./src/sml_message.o
 .debug_macro   0x0000000000005181      0x27e ./src/sml_number.o
 .debug_macro   0x00000000000053ff      0x316 ./src/sml_octet_string.o
 .debug_macro   0x0000000000005715       0x1c ./src/sml_octet_string.o
 .debug_macro   0x0000000000005731      0x1c0 ./src/sml_octet_string.o
 .debug_macro   0x00000000000058f1       0x1c ./src/sml_octet_string.o
 .debug_macro   0x000000000000590d       0xe6 ./src/sml_octet_string.o
 .debug_macro   0x00000000000059f3       0xf9 ./src/sml_octet_string.o
 .debug_macro   0x0000000000005aec       0x10 ./src/sml_octet_string.o
 .debug_macro   0x0000000000005afc       0x61 ./src/sml_octet_string.o
 .debug_macro   0x0000000000005b5d       0x22 ./src/sml_octet_string.o
 .debug_macro   0x0000000000005b7f       0x16 ./src/sml_octet_string.o
 .debug_macro   0x0000000000005b95      0x11a ./src/sml_octet_string.o
 .debug_macro   0x0000000000005caf      0x285 ./src/sml_open_request.o
 .debug_macro   0x0000000000005f34      0x225 ./src/sml_open_response.o
 .debug_macro   0x0000000000006159      0x24c ./src/sml_set_proc_parameter_request.o
 .debug_macro   0x00000000000063a5      0x263 ./src/sml_shared.o
 .debug_macro   0x0000000000006608      0x209 ./src/sml_status.o
 .debug_macro   0x0000000000006811      0x289 ./src/sml_time.o
 .debug_macro   0x0000000000006a9a      0x440 ./src/sml_transport.o
 .debug_macro   0x0000000000006eda       0x16 ./src/sml_transport.o
 .debug_macro   0x0000000000006ef0       0xd6 ./src/sml_transport.o
 .debug_macro   0x0000000000006fc6      0x256 ./src/sml_transport.o
 .debug_macro   0x000000000000721c       0x10 ./src/sml_transport.o
 .debug_macro   0x000000000000722c       0x10 ./src/sml_transport.o
 .debug_macro   0x000000000000723c       0x39 ./src/sml_transport.o
 .debug_macro   0x0000000000007275      0x2b9 ./src/sml_tree.o
 .debug_macro   0x000000000000752e      0x291 ./src/sml_value.o

.gnu.attributes
 *(.gnu.attributes)

.note.gnu.arm.ident
 *(.note.gnu.arm.ident)

/DISCARD/
 *(.note.GNU-stack)
 *(.gnu_debuglink)
 *(.gnu.lto_*)
OUTPUT(libsml.so elf32-littlearm)
